Archive member included because of file (symbol)

c:/program files (x86)/gnu tools arm embedded/4.8 2013q4/bin/../lib/gcc/arm-none-eabi/4.8.3/../../../../arm-none-eabi/lib/armv7e-m\libg.a(lib_a-memset.o)
                              ..\obj\stm324xg_eval_sdio_sd.o (memset)

Allocating common symbols
Common symbol       size              file

SDIO_CmdInitStructure
                    0x14              ..\obj\stm324xg_eval_sdio_sd.o
SDCardInfo          0x58              ..\obj\stm324xg_eval_sdio_sd.o
SDIO_InitStructure  0x18              ..\obj\stm324xg_eval_sdio_sd.o
SDIO_DataInitStructure
                    0x18              ..\obj\stm324xg_eval_sdio_sd.o

Discarded input sections

 .text          0x00000000        0x0 ..\obj\stm32f4xx_sdio.o
 .data          0x00000000        0x0 ..\obj\stm32f4xx_sdio.o
 .bss           0x00000000        0x0 ..\obj\stm32f4xx_sdio.o
 .text.SDIO_StructInit
                0x00000000       0x38 ..\obj\stm32f4xx_sdio.o
 .text.SDIO_CmdStructInit
                0x00000000       0x30 ..\obj\stm32f4xx_sdio.o
 .text.SDIO_DataStructInit
                0x00000000       0x38 ..\obj\stm32f4xx_sdio.o
 .text.SDIO_GetDataCounter
                0x00000000       0x18 ..\obj\stm32f4xx_sdio.o
 .text.SDIO_WriteData
                0x00000000       0x20 ..\obj\stm32f4xx_sdio.o
 .text.SDIO_GetFIFOCount
                0x00000000       0x18 ..\obj\stm32f4xx_sdio.o
 .text.SDIO_StartSDIOReadWait
                0x00000000       0x20 ..\obj\stm32f4xx_sdio.o
 .text.SDIO_StopSDIOReadWait
                0x00000000       0x20 ..\obj\stm32f4xx_sdio.o
 .text.SDIO_SetSDIOReadWaitMode
                0x00000000       0x1c ..\obj\stm32f4xx_sdio.o
 .text.SDIO_SetSDIOOperation
                0x00000000       0x20 ..\obj\stm32f4xx_sdio.o
 .text.SDIO_SendSDIOSuspendCmd
                0x00000000       0x20 ..\obj\stm32f4xx_sdio.o
 .text.SDIO_CommandCompletionCmd
                0x00000000       0x20 ..\obj\stm32f4xx_sdio.o
 .text.SDIO_CEATAITCmd
                0x00000000       0x2c ..\obj\stm32f4xx_sdio.o
 .text.SDIO_SendCEATACmd
                0x00000000       0x20 ..\obj\stm32f4xx_sdio.o
 .text.SDIO_DMACmd
                0x00000000       0x20 ..\obj\stm32f4xx_sdio.o
 .text.SDIO_ITConfig
                0x00000000       0x3c ..\obj\stm32f4xx_sdio.o
 .text.SDIO_GetITStatus
                0x00000000       0x34 ..\obj\stm32f4xx_sdio.o
 .text.SDIO_ClearITPendingBit
                0x00000000       0x1c ..\obj\stm32f4xx_sdio.o
 .text          0x00000000        0x0 ..\obj\startup_stm32f4xx.o
 .data          0x00000000        0x0 ..\obj\startup_stm32f4xx.o
 .bss           0x00000000        0x0 ..\obj\startup_stm32f4xx.o
 .text          0x00000000        0x0 ..\obj\stm32f4xx_crc.o
 .data          0x00000000        0x0 ..\obj\stm32f4xx_crc.o
 .bss           0x00000000        0x0 ..\obj\stm32f4xx_crc.o
 .text.CRC_ResetDR
                0x00000000       0x18 ..\obj\stm32f4xx_crc.o
 .text.CRC_CalcCRC
                0x00000000       0x24 ..\obj\stm32f4xx_crc.o
 .text.CRC_CalcBlockCRC
                0x00000000       0x44 ..\obj\stm32f4xx_crc.o
 .text.CRC_GetCRC
                0x00000000       0x18 ..\obj\stm32f4xx_crc.o
 .text.CRC_SetIDRegister
                0x00000000       0x20 ..\obj\stm32f4xx_crc.o
 .text.CRC_GetIDRegister
                0x00000000       0x18 ..\obj\stm32f4xx_crc.o
 .debug_info    0x00000000      0x1dc ..\obj\stm32f4xx_crc.o
 .debug_abbrev  0x00000000      0x114 ..\obj\stm32f4xx_crc.o
 .debug_aranges
                0x00000000       0x48 ..\obj\stm32f4xx_crc.o
 .debug_ranges  0x00000000       0x38 ..\obj\stm32f4xx_crc.o
 .debug_line    0x00000000      0x1b4 ..\obj\stm32f4xx_crc.o
 .debug_str     0x00000000      0x21d ..\obj\stm32f4xx_crc.o
 .comment       0x00000000       0x71 ..\obj\stm32f4xx_crc.o
 .ARM.attributes
                0x00000000       0x33 ..\obj\stm32f4xx_crc.o
 .debug_frame   0x00000000       0xac ..\obj\stm32f4xx_crc.o
 .text          0x00000000        0x0 ..\obj\main.o
 .data          0x00000000        0x0 ..\obj\main.o
 .bss           0x00000000        0x0 ..\obj\main.o
 .text          0x00000000        0x0 ..\obj\stm32f4xx_rcc.o
 .data          0x00000000       0x10 ..\obj\stm32f4xx_rcc.o
 .bss           0x00000000        0x0 ..\obj\stm32f4xx_rcc.o
 .text.RCC_DeInit
                0x00000000       0x50 ..\obj\stm32f4xx_rcc.o
 .text.RCC_HSEConfig
                0x00000000       0x24 ..\obj\stm32f4xx_rcc.o
 .text.RCC_WaitForHSEStartUp
                0x00000000       0x50 ..\obj\stm32f4xx_rcc.o
 .text.RCC_AdjustHSICalibrationValue
                0x00000000       0x3c ..\obj\stm32f4xx_rcc.o
 .text.RCC_HSICmd
                0x00000000       0x20 ..\obj\stm32f4xx_rcc.o
 .text.RCC_LSEConfig
                0x00000000       0x40 ..\obj\stm32f4xx_rcc.o
 .text.RCC_LSICmd
                0x00000000       0x20 ..\obj\stm32f4xx_rcc.o
 .text.RCC_PLLConfig
                0x00000000       0x3c ..\obj\stm32f4xx_rcc.o
 .text.RCC_PLLCmd
                0x00000000       0x20 ..\obj\stm32f4xx_rcc.o
 .text.RCC_PLLI2SConfig
                0x00000000       0x28 ..\obj\stm32f4xx_rcc.o
 .text.RCC_PLLI2SCmd
                0x00000000       0x20 ..\obj\stm32f4xx_rcc.o
 .text.RCC_ClockSecuritySystemCmd
                0x00000000       0x20 ..\obj\stm32f4xx_rcc.o
 .text.RCC_MCO1Config
                0x00000000       0x3c ..\obj\stm32f4xx_rcc.o
 .text.RCC_MCO2Config
                0x00000000       0x3c ..\obj\stm32f4xx_rcc.o
 .text.RCC_SYSCLKConfig
                0x00000000       0x38 ..\obj\stm32f4xx_rcc.o
 .text.RCC_GetSYSCLKSource
                0x00000000       0x20 ..\obj\stm32f4xx_rcc.o
 .text.RCC_HCLKConfig
                0x00000000       0x38 ..\obj\stm32f4xx_rcc.o
 .text.RCC_PCLK1Config
                0x00000000       0x38 ..\obj\stm32f4xx_rcc.o
 .text.RCC_PCLK2Config
                0x00000000       0x38 ..\obj\stm32f4xx_rcc.o
 .text.RCC_GetClocksFreq
                0x00000000      0x154 ..\obj\stm32f4xx_rcc.o
 .text.RCC_RTCCLKConfig
                0x00000000       0x5c ..\obj\stm32f4xx_rcc.o
 .text.RCC_RTCCLKCmd
                0x00000000       0x20 ..\obj\stm32f4xx_rcc.o
 .text.RCC_BackupResetCmd
                0x00000000       0x20 ..\obj\stm32f4xx_rcc.o
 .text.RCC_I2SCLKConfig
                0x00000000       0x1c ..\obj\stm32f4xx_rcc.o
 .text.RCC_AHB2PeriphClockCmd
                0x00000000       0x3c ..\obj\stm32f4xx_rcc.o
 .text.RCC_AHB3PeriphClockCmd
                0x00000000       0x3c ..\obj\stm32f4xx_rcc.o
 .text.RCC_APB1PeriphClockCmd
                0x00000000       0x3c ..\obj\stm32f4xx_rcc.o
 .text.RCC_AHB1PeriphResetCmd
                0x00000000       0x3c ..\obj\stm32f4xx_rcc.o
 .text.RCC_AHB2PeriphResetCmd
                0x00000000       0x3c ..\obj\stm32f4xx_rcc.o
 .text.RCC_AHB3PeriphResetCmd
                0x00000000       0x3c ..\obj\stm32f4xx_rcc.o
 .text.RCC_APB1PeriphResetCmd
                0x00000000       0x3c ..\obj\stm32f4xx_rcc.o
 .text.RCC_AHB1PeriphClockLPModeCmd
                0x00000000       0x3c ..\obj\stm32f4xx_rcc.o
 .text.RCC_AHB2PeriphClockLPModeCmd
                0x00000000       0x3c ..\obj\stm32f4xx_rcc.o
 .text.RCC_AHB3PeriphClockLPModeCmd
                0x00000000       0x3c ..\obj\stm32f4xx_rcc.o
 .text.RCC_APB1PeriphClockLPModeCmd
                0x00000000       0x3c ..\obj\stm32f4xx_rcc.o
 .text.RCC_APB2PeriphClockLPModeCmd
                0x00000000       0x3c ..\obj\stm32f4xx_rcc.o
 .text.RCC_ITConfig
                0x00000000       0x48 ..\obj\stm32f4xx_rcc.o
 .text.RCC_GetFlagStatus
                0x00000000       0x74 ..\obj\stm32f4xx_rcc.o
 .text.RCC_ClearFlag
                0x00000000       0x1c ..\obj\stm32f4xx_rcc.o
 .text.RCC_GetITStatus
                0x00000000       0x38 ..\obj\stm32f4xx_rcc.o
 .text.RCC_ClearITPendingBit
                0x00000000       0x20 ..\obj\stm32f4xx_rcc.o
 .text          0x00000000        0x0 ..\obj\konfiguracja.o
 .data          0x00000000        0x0 ..\obj\konfiguracja.o
 .bss           0x00000000        0x0 ..\obj\konfiguracja.o
 .text.SD_LowLevel_DeInit
                0x00000000       0xa0 ..\obj\konfiguracja.o
 .text.SD_LowLevel_DMA_TxConfig
                0x00000000       0xa0 ..\obj\konfiguracja.o
 .text.SD_LowLevel_DMA_RxConfig
                0x00000000       0xa0 ..\obj\konfiguracja.o
 .text          0x00000000        0x0 ..\obj\stm32f4xx_gpio.o
 .data          0x00000000        0x0 ..\obj\stm32f4xx_gpio.o
 .bss           0x00000000        0x0 ..\obj\stm32f4xx_gpio.o
 .text.GPIO_DeInit
                0x00000000      0x120 ..\obj\stm32f4xx_gpio.o
 .text.GPIO_StructInit
                0x00000000       0x34 ..\obj\stm32f4xx_gpio.o
 .text.GPIO_PinLockConfig
                0x00000000       0x44 ..\obj\stm32f4xx_gpio.o
 .text.GPIO_ReadInputDataBit
                0x00000000       0x34 ..\obj\stm32f4xx_gpio.o
 .text.GPIO_ReadInputData
                0x00000000       0x1c ..\obj\stm32f4xx_gpio.o
 .text.GPIO_ReadOutputDataBit
                0x00000000       0x34 ..\obj\stm32f4xx_gpio.o
 .text.GPIO_ReadOutputData
                0x00000000       0x1c ..\obj\stm32f4xx_gpio.o
 .text.GPIO_SetBits
                0x00000000       0x1c ..\obj\stm32f4xx_gpio.o
 .text.GPIO_ResetBits
                0x00000000       0x1c ..\obj\stm32f4xx_gpio.o
 .text.GPIO_WriteBit
                0x00000000       0x30 ..\obj\stm32f4xx_gpio.o
 .text.GPIO_Write
                0x00000000       0x1c ..\obj\stm32f4xx_gpio.o
 .text.GPIO_ToggleBits
                0x00000000       0x24 ..\obj\stm32f4xx_gpio.o
 .text          0x00000000        0x0 ..\obj\system_stm32f4xx.o
 .data          0x00000000       0x14 ..\obj\system_stm32f4xx.o
 .bss           0x00000000        0x0 ..\obj\system_stm32f4xx.o
 .text.SystemCoreClockUpdate
                0x00000000       0xf8 ..\obj\system_stm32f4xx.o
 .text          0x00000000        0x0 ..\obj\stm32f4xx_dma.o
 .data          0x00000000        0x0 ..\obj\stm32f4xx_dma.o
 .bss           0x00000000        0x0 ..\obj\stm32f4xx_dma.o
 .text.DMA_DeInit
                0x00000000      0x1a4 ..\obj\stm32f4xx_dma.o
 .text.DMA_Init
                0x00000000       0xac ..\obj\stm32f4xx_dma.o
 .text.DMA_StructInit
                0x00000000       0x6c ..\obj\stm32f4xx_dma.o
 .text.DMA_Cmd  0x00000000       0x38 ..\obj\stm32f4xx_dma.o
 .text.DMA_PeriphIncOffsetSizeConfig
                0x00000000       0x34 ..\obj\stm32f4xx_dma.o
 .text.DMA_FlowControllerConfig
                0x00000000       0x34 ..\obj\stm32f4xx_dma.o
 .text.DMA_SetCurrDataCounter
                0x00000000       0x1c ..\obj\stm32f4xx_dma.o
 .text.DMA_GetCurrDataCounter
                0x00000000       0x1c ..\obj\stm32f4xx_dma.o
 .text.DMA_DoubleBufferModeConfig
                0x00000000       0x3c ..\obj\stm32f4xx_dma.o
 .text.DMA_DoubleBufferModeCmd
                0x00000000       0x38 ..\obj\stm32f4xx_dma.o
 .text.DMA_MemoryTargetConfig
                0x00000000       0x2c ..\obj\stm32f4xx_dma.o
 .text.DMA_GetCurrentMemoryTarget
                0x00000000       0x30 ..\obj\stm32f4xx_dma.o
 .text.DMA_GetCmdStatus
                0x00000000       0x30 ..\obj\stm32f4xx_dma.o
 .text.DMA_GetFIFOStatus
                0x00000000       0x24 ..\obj\stm32f4xx_dma.o
 .text.DMA_GetFlagStatus
                0x00000000       0x78 ..\obj\stm32f4xx_dma.o
 .text.DMA_ClearFlag
                0x00000000       0x5c ..\obj\stm32f4xx_dma.o
 .text.DMA_ITConfig
                0x00000000       0x74 ..\obj\stm32f4xx_dma.o
 .text.DMA_GetITStatus
                0x00000000       0xb0 ..\obj\stm32f4xx_dma.o
 .text.DMA_ClearITPendingBit
                0x00000000       0x5c ..\obj\stm32f4xx_dma.o
 .debug_info    0x00000000      0x718 ..\obj\stm32f4xx_dma.o
 .debug_abbrev  0x00000000      0x155 ..\obj\stm32f4xx_dma.o
 .debug_aranges
                0x00000000       0xb0 ..\obj\stm32f4xx_dma.o
 .debug_ranges  0x00000000       0xa0 ..\obj\stm32f4xx_dma.o
 .debug_line    0x00000000      0x370 ..\obj\stm32f4xx_dma.o
 .debug_str     0x00000000      0x51e ..\obj\stm32f4xx_dma.o
 .comment       0x00000000       0x71 ..\obj\stm32f4xx_dma.o
 .ARM.attributes
                0x00000000       0x33 ..\obj\stm32f4xx_dma.o
 .debug_frame   0x00000000      0x224 ..\obj\stm32f4xx_dma.o
 .text          0x00000000        0x0 ..\obj\stm324xg_eval_sdio_sd.o
 .data          0x00000000        0x0 ..\obj\stm324xg_eval_sdio_sd.o
 .text.SD_DeInit
                0x00000000        0xc ..\obj\stm324xg_eval_sdio_sd.o
 .text.SD_GetStatus
                0x00000000       0x30 ..\obj\stm324xg_eval_sdio_sd.o
 .text.SD_GetState
                0x00000000       0x40 ..\obj\stm324xg_eval_sdio_sd.o
 .text.SD_Detect
                0x00000000       0x30 ..\obj\stm324xg_eval_sdio_sd.o
 .text.SD_PowerOFF
                0x00000000       0x1c ..\obj\stm324xg_eval_sdio_sd.o
 .text.SD_GetCardStatus
                0x00000000      0x134 ..\obj\stm324xg_eval_sdio_sd.o
 .text.SD_ReadBlock
                0x00000000      0x128 ..\obj\stm324xg_eval_sdio_sd.o
 .text.SD_ReadMultiBlocks
                0x00000000      0x134 ..\obj\stm324xg_eval_sdio_sd.o
 .text.SD_WaitReadOperation
                0x00000000       0xbc ..\obj\stm324xg_eval_sdio_sd.o
 .text.SD_WriteBlock
                0x00000000      0x128 ..\obj\stm324xg_eval_sdio_sd.o
 .text.SD_WriteMultiBlocks
                0x00000000      0x1b0 ..\obj\stm324xg_eval_sdio_sd.o
 .text.SD_WaitWriteOperation
                0x00000000       0xbc ..\obj\stm324xg_eval_sdio_sd.o
 .text.SD_GetTransferState
                0x00000000       0x24 ..\obj\stm324xg_eval_sdio_sd.o
 .text.SD_StopTransfer
                0x00000000       0x48 ..\obj\stm324xg_eval_sdio_sd.o
 .text.SD_Erase
                0x00000000      0x1c8 ..\obj\stm324xg_eval_sdio_sd.o
 .text.SD_SendStatus
                0x00000000       0x78 ..\obj\stm324xg_eval_sdio_sd.o
 .text.SD_SendSDStatus
                0x00000000      0x20c ..\obj\stm324xg_eval_sdio_sd.o
 .text.SD_ProcessIRQSrc
                0x00000000       0xc8 ..\obj\stm324xg_eval_sdio_sd.o
 .text.SD_ProcessDMAIRQ
                0x00000000       0x30 ..\obj\stm324xg_eval_sdio_sd.o
 .text.IsCardProgramming
                0x00000000      0x1ec ..\obj\stm324xg_eval_sdio_sd.o
 .text.convert_from_bytes_to_power_of_two
                0x00000000       0x30 ..\obj\stm324xg_eval_sdio_sd.o
 .text.SD_HighSpeed
                0x00000000      0x27c ..\obj\stm324xg_eval_sdio_sd.o
 .text          0x00000000        0x0 ..\obj\misc.o
 .data          0x00000000        0x0 ..\obj\misc.o
 .bss           0x00000000        0x0 ..\obj\misc.o
 .text.NVIC_PriorityGroupConfig
                0x00000000       0x24 ..\obj\misc.o
 .text.NVIC_Init
                0x00000000       0xbc ..\obj\misc.o
 .text.NVIC_SetVectorTable
                0x00000000       0x2c ..\obj\misc.o
 .text.NVIC_SystemLPConfig
                0x00000000       0x40 ..\obj\misc.o
 .text.SysTick_CLKSourceConfig
                0x00000000       0x38 ..\obj\misc.o
 .debug_info    0x00000000      0x51c ..\obj\misc.o
 .debug_abbrev  0x00000000      0x145 ..\obj\misc.o
 .debug_aranges
                0x00000000       0x40 ..\obj\misc.o
 .debug_ranges  0x00000000       0x30 ..\obj\misc.o
 .debug_line    0x00000000      0x1d9 ..\obj\misc.o
 .debug_str     0x00000000      0x3ab ..\obj\misc.o
 .comment       0x00000000       0x71 ..\obj\misc.o
 .ARM.attributes
                0x00000000       0x33 ..\obj\misc.o
 .debug_frame   0x00000000       0x9c ..\obj\misc.o
 .text          0x00000000        0x0 c:/program files (x86)/gnu tools arm embedded/4.8 2013q4/bin/../lib/gcc/arm-none-eabi/4.8.3/../../../../arm-none-eabi/lib/armv7e-m\libg.a(lib_a-memset.o)
 .data          0x00000000        0x0 c:/program files (x86)/gnu tools arm embedded/4.8 2013q4/bin/../lib/gcc/arm-none-eabi/4.8.3/../../../../arm-none-eabi/lib/armv7e-m\libg.a(lib_a-memset.o)
 .bss           0x00000000        0x0 c:/program files (x86)/gnu tools arm embedded/4.8 2013q4/bin/../lib/gcc/arm-none-eabi/4.8.3/../../../../arm-none-eabi/lib/armv7e-m\libg.a(lib_a-memset.o)
 .text.memset   0x00000000       0x94 c:/program files (x86)/gnu tools arm embedded/4.8 2013q4/bin/../lib/gcc/arm-none-eabi/4.8.3/../../../../arm-none-eabi/lib/armv7e-m\libg.a(lib_a-memset.o)
 .ARM.attributes
                0x00000000       0x2e c:/program files (x86)/gnu tools arm embedded/4.8 2013q4/bin/../lib/gcc/arm-none-eabi/4.8.3/../../../../arm-none-eabi/lib/armv7e-m\libg.a(lib_a-memset.o)
 .debug_frame   0x00000000       0x2c c:/program files (x86)/gnu tools arm embedded/4.8 2013q4/bin/../lib/gcc/arm-none-eabi/4.8.3/../../../../arm-none-eabi/lib/armv7e-m\libg.a(lib_a-memset.o)

Memory Configuration

Name             Origin             Length             Attributes
rom              0x08000000         0x00100000         xr
ram              0x20000000         0x00020000         xrw
ram1             0x10000000         0x00010000         xrw
*default*        0x00000000         0xffffffff

Linker script and memory map

                0x20020000                _eram = 0x20020000

.text           0x08000000     0x1b60
 *(.isr_vector)
 .isr_vector    0x08000000      0x188 ..\obj\startup_stm32f4xx.o
                0x08000000                g_pfnVectors
 *(.text*)
 .text.SDIO_DeInit
                0x08000188       0x1c ..\obj\stm32f4xx_sdio.o
                0x08000188                SDIO_DeInit
 .text.SDIO_Init
                0x080001a4       0x5c ..\obj\stm32f4xx_sdio.o
                0x080001a4                SDIO_Init
 .text.SDIO_ClockCmd
                0x08000200       0x20 ..\obj\stm32f4xx_sdio.o
                0x08000200                SDIO_ClockCmd
 .text.SDIO_SetPowerState
                0x08000220       0x1c ..\obj\stm32f4xx_sdio.o
                0x08000220                SDIO_SetPowerState
 .text.SDIO_GetPowerState
                0x0800023c       0x1c ..\obj\stm32f4xx_sdio.o
                0x0800023c                SDIO_GetPowerState
 .text.SDIO_SendCommand
                0x08000258       0x58 ..\obj\stm32f4xx_sdio.o
                0x08000258                SDIO_SendCommand
 .text.SDIO_GetCommandResponse
                0x080002b0       0x18 ..\obj\stm32f4xx_sdio.o
                0x080002b0                SDIO_GetCommandResponse
 .text.SDIO_GetResponse
                0x080002c8       0x28 ..\obj\stm32f4xx_sdio.o
                0x080002c8                SDIO_GetResponse
 .text.SDIO_DataConfig
                0x080002f0       0x5c ..\obj\stm32f4xx_sdio.o
                0x080002f0                SDIO_DataConfig
 .text.SDIO_ReadData
                0x0800034c       0x18 ..\obj\stm32f4xx_sdio.o
                0x0800034c                SDIO_ReadData
 .text.SDIO_GetFlagStatus
                0x08000364       0x34 ..\obj\stm32f4xx_sdio.o
                0x08000364                SDIO_GetFlagStatus
 .text.SDIO_ClearFlag
                0x08000398       0x1c ..\obj\stm32f4xx_sdio.o
                0x08000398                SDIO_ClearFlag
 .text.Default_Reset_Handler
                0x080003b4       0x5c ..\obj\startup_stm32f4xx.o
                0x080003b4                Default_Reset_Handler
                0x080003b4                Reset_Handler
 .text.Default_Handler
                0x08000410        0x8 ..\obj\startup_stm32f4xx.o
                0x08000410                RTC_Alarm_IRQHandler
                0x08000410                HASH_RNG_IRQHandler
                0x08000410                EXTI2_IRQHandler
                0x08000410                TIM8_CC_IRQHandler
                0x08000410                DebugMon_Handler
                0x08000410                TIM1_CC_IRQHandler
                0x08000410                DMA2_Stream5_IRQHandler
                0x08000410                HardFault_Handler
                0x08000410                DMA1_Stream5_IRQHandler
                0x08000410                SysTick_Handler
                0x08000410                PVD_IRQHandler
                0x08000410                SDIO_IRQHandler
                0x08000410                TAMP_STAMP_IRQHandler
                0x08000410                PendSV_Handler
                0x08000410                NMI_Handler
                0x08000410                CAN2_RX1_IRQHandler
                0x08000410                EXTI3_IRQHandler
                0x08000410                TIM8_TRG_COM_TIM14_IRQHandler
                0x08000410                TIM1_UP_TIM10_IRQHandler
                0x08000410                TIM8_UP_TIM13_IRQHandler
                0x08000410                I2C3_ER_IRQHandler
                0x08000410                EXTI0_IRQHandler
                0x08000410                I2C2_EV_IRQHandler
                0x08000410                DMA1_Stream2_IRQHandler
                0x08000410                CAN1_RX0_IRQHandler
                0x08000410                FPU_IRQHandler
                0x08000410                OTG_HS_WKUP_IRQHandler
                0x08000410                UsageFault_Handler
                0x08000410                CAN2_SCE_IRQHandler
                0x08000410                DMA2_Stream2_IRQHandler
                0x08000410                SPI1_IRQHandler
                0x08000410                TIM6_DAC_IRQHandler
                0x08000410                TIM1_BRK_TIM9_IRQHandler
                0x08000410                DCMI_IRQHandler
                0x08000410                CAN2_RX0_IRQHandler
                0x08000410                DMA2_Stream3_IRQHandler
                0x08000410                USART6_IRQHandler
                0x08000410                USART3_IRQHandler
                0x08000410                CRYP_IRQHandler
                0x08000410                CAN1_RX1_IRQHandler
                0x08000410                UART5_IRQHandler
                0x08000410                DMA2_Stream0_IRQHandler
                0x08000410                TIM4_IRQHandler
                0x08000410                I2C1_EV_IRQHandler
                0x08000410                DMA1_Stream6_IRQHandler
                0x08000410                DMA1_Stream1_IRQHandler
                0x08000410                UART4_IRQHandler
                0x08000410                TIM3_IRQHandler
                0x08000410                RCC_IRQHandler
                0x08000410                TIM8_BRK_TIM12_IRQHandler
                0x08000410                EXTI15_10_IRQHandler
                0x08000410                ADC_IRQHandler
                0x08000410                DMA1_Stream7_IRQHandler
                0x08000410                TIM7_IRQHandler
                0x08000410                CAN2_TX_IRQHandler
                0x08000410                TIM5_IRQHandler
                0x08000410                DMA2_Stream7_IRQHandler
                0x08000410                I2C3_EV_IRQHandler
                0x08000410                EXTI9_5_IRQHandler
                0x08000410                RTC_WKUP_IRQHandler
                0x08000410                ETH_WKUP_IRQHandler
                0x08000410                SPI2_IRQHandler
                0x08000410                OTG_HS_EP1_IN_IRQHandler
                0x08000410                MemManage_Handler
                0x08000410                DMA1_Stream0_IRQHandler
                0x08000410                CAN1_TX_IRQHandler
                0x08000410                SVC_Handler
                0x08000410                EXTI4_IRQHandler
                0x08000410                FSMC_IRQHandler
                0x08000410                ETH_IRQHandler
                0x08000410                OTG_HS_EP1_OUT_IRQHandler
                0x08000410                WWDG_IRQHandler
                0x08000410                TIM2_IRQHandler
                0x08000410                OTG_FS_WKUP_IRQHandler
                0x08000410                TIM1_TRG_COM_TIM11_IRQHandler
                0x08000410                OTG_HS_IRQHandler
                0x08000410                EXTI1_IRQHandler
                0x08000410                USART2_IRQHandler
                0x08000410                I2C2_ER_IRQHandler
                0x08000410                DMA2_Stream1_IRQHandler
                0x08000410                CAN1_SCE_IRQHandler
                0x08000410                FLASH_IRQHandler
                0x08000410                DMA2_Stream4_IRQHandler
                0x08000410                BusFault_Handler
                0x08000410                USART1_IRQHandler
                0x08000410                OTG_FS_IRQHandler
                0x08000410                SPI3_IRQHandler
                0x08000410                DMA1_Stream4_IRQHandler
                0x08000410                I2C1_ER_IRQHandler
                0x08000410                DMA2_Stream6_IRQHandler
                0x08000410                DMA1_Stream3_IRQHandler
 .text.main     0x08000418       0x1c ..\obj\main.o
                0x08000418                main
 .text.RCC_AHB1PeriphClockCmd
                0x08000434       0x3c ..\obj\stm32f4xx_rcc.o
                0x08000434                RCC_AHB1PeriphClockCmd
 .text.RCC_APB2PeriphClockCmd
                0x08000470       0x3c ..\obj\stm32f4xx_rcc.o
                0x08000470                RCC_APB2PeriphClockCmd
 .text.RCC_APB2PeriphResetCmd
                0x080004ac       0x3c ..\obj\stm32f4xx_rcc.o
                0x080004ac                RCC_APB2PeriphResetCmd
 .text.SD_LowLevel_Init
                0x080004e8       0xcc ..\obj\konfiguracja.o
                0x080004e8                SD_LowLevel_Init
 .text.GPIO_Init
                0x080005b4      0x11c ..\obj\stm32f4xx_gpio.o
                0x080005b4                GPIO_Init
 .text.GPIO_PinAFConfig
                0x080006d0       0x8c ..\obj\stm32f4xx_gpio.o
                0x080006d0                GPIO_PinAFConfig
 .text.SystemInit
                0x0800075c       0x58 ..\obj\system_stm32f4xx.o
                0x0800075c                SystemInit
 .text.SetSysClock
                0x080007b4       0xf4 ..\obj\system_stm32f4xx.o
 .text.SD_Init  0x080008a8       0xbc ..\obj\stm324xg_eval_sdio_sd.o
                0x080008a8                SD_Init
 .text.SD_PowerON
                0x08000964      0x22c ..\obj\stm324xg_eval_sdio_sd.o
                0x08000964                SD_PowerON
 .text.SD_InitializeCards
                0x08000b90      0x18c ..\obj\stm324xg_eval_sdio_sd.o
                0x08000b90                SD_InitializeCards
 .text.SD_GetCardInfo
                0x08000d1c      0x5b4 ..\obj\stm324xg_eval_sdio_sd.o
                0x08000d1c                SD_GetCardInfo
 .text.SD_EnableWideBusOperation
                0x080012d0       0xd8 ..\obj\stm324xg_eval_sdio_sd.o
                0x080012d0                SD_EnableWideBusOperation
 .text.SD_SelectDeselect
                0x080013a8       0x4c ..\obj\stm324xg_eval_sdio_sd.o
                0x080013a8                SD_SelectDeselect
 .text.CmdError
                0x080013f4       0x4c ..\obj\stm324xg_eval_sdio_sd.o
 .text.CmdResp7Error
                0x08001440       0x78 ..\obj\stm324xg_eval_sdio_sd.o
 .text.CmdResp1Error
                0x080014b8      0x1a0 ..\obj\stm324xg_eval_sdio_sd.o
 .text.CmdResp3Error
                0x08001658       0x50 ..\obj\stm324xg_eval_sdio_sd.o
 .text.CmdResp2Error
                0x080016a8       0x68 ..\obj\stm324xg_eval_sdio_sd.o
 .text.CmdResp6Error
                0x08001710       0xcc ..\obj\stm324xg_eval_sdio_sd.o
 .text.SDEnWideBus
                0x080017dc      0x180 ..\obj\stm324xg_eval_sdio_sd.o
 .text.FindSCR  0x0800195c      0x204 ..\obj\stm324xg_eval_sdio_sd.o
 *(.init)
 *(.fini)
 *crtbegin.o(.ctors)
 *crtbegin?.o(.ctors)
 *(EXCLUDE_FILE(*crtend.o *crtend?.o) .ctors)
 *(SORT(.ctors.*))
 *(.ctors)
 *crtbegin.o(.dtors)
 *crtbegin?.o(.dtors)
 *(EXCLUDE_FILE(*crtend.o *crtend?.o) .dtors)
 *(SORT(.dtors.*))
 *(.dtors)
 *(.rodata*)
 *(.eh_fram e*)

.glue_7         0x08001b60        0x0
 .glue_7        0x00000000        0x0 linker stubs

.glue_7t        0x08001b60        0x0
 .glue_7t       0x00000000        0x0 linker stubs

.vfp11_veneer   0x08001b60        0x0
 .vfp11_veneer  0x00000000        0x0 linker stubs

.v4_bx          0x08001b60        0x0
 .v4_bx         0x00000000        0x0 linker stubs

.iplt           0x08001b60        0x0
 .iplt          0x00000000        0x0 ..\obj\stm32f4xx_sdio.o

.rel.dyn        0x08001b60        0x0
 .rel.iplt      0x00000000        0x0 ..\obj\stm32f4xx_sdio.o

.ARM.extab
 *(.ARM.extab* .gnu.linkonce.armextab.*)
                0x08001b60                __exidx_start = .

.ARM.exidx
 *(.ARM.exidx* .gnu.linkonce.armexidx.*)
                0x08001b60                __exidx_end = .
                0x08001b60                __etext = .
                0x08001b60                _sidata = __etext

.data           0x20000000        0x0 load address 0x08001b60
                0x20000000                __data_start__ = .
                0x20000000                _sdata = __data_start__
 *(vtable)
 *(.data*)
                0x20000000                . = ALIGN (0x4)
                0x20000000                PROVIDE (__preinit_array_start, .)
 *(.preinit_array)
                0x20000000                PROVIDE (__preinit_array_end, .)
                0x20000000                . = ALIGN (0x4)
                0x20000000                PROVIDE (__init_array_start, .)
 *(SORT(.init_array.*))
 *(.init_array)
                0x20000000                PROVIDE (__init_array_end, .)
                0x20000000                . = ALIGN (0x4)
                0x20000000                PROVIDE (__fini_array_start, .)
 *(SORT(.fini_array.*))
 *(.fini_array)
                0x20000000                PROVIDE (__fini_array_end, .)
 *(.jcr*)
                0x20000000                . = ALIGN (0x4)
                0x20000000                __data_end__ = .
                0x20000000                _edata = __data_end__

.igot.plt       0x20000000        0x0
 .igot.plt      0x00000000        0x0 ..\obj\stm32f4xx_sdio.o

.bss            0x20000000       0xe8
                0x20000000                . = ALIGN (0x4)
                0x20000000                __bss_start__ = .
                0x20000000                _sbss = __bss_start__
 *(.bss*)
 .bss           0x20000000       0x48 ..\obj\stm324xg_eval_sdio_sd.o
                0x20000038                StopCondition
                0x2000003c                TransferError
                0x20000040                TransferEnd
                0x20000044                DMAEndOfTransfer
 *(COMMON)
 COMMON         0x20000048       0xa0 ..\obj\stm324xg_eval_sdio_sd.o
                0x20000048                SDIO_CmdInitStructure
                0x20000060                SDCardInfo
                0x200000b8                SDIO_InitStructure
                0x200000d0                SDIO_DataInitStructure
                0x200000e8                . = ALIGN (0x4)
                0x200000e8                __bss_end__ = .
                0x200000e8                _ebss = __bss_end__

.heap           0x200000e8        0x0
                0x200000e8                __end__ = .
                0x200000e8                _end = __end__
                0x200000e8                end = __end__
 *(.heap*)
                0x200000e8                __HeapLimit = .

.co_stack       0x200000e8      0x800
                0x200000e8                . = ALIGN (0x8)
 *(.co_stack .co_stack.*)
 .co_stack      0x200000e8      0x800 ..\obj\startup_stm32f4xx.o
                0x200000e8                pulStack
                0x20020000                __StackTop = (ORIGIN (ram) + 0x20000)
                0x2001f800                __StackLimit = (__StackTop - SIZEOF (.co_stack))
                0x20020000                PROVIDE (__stack, __StackTop)
                0x00000001                ASSERT ((__StackLimit >= __HeapLimit), region ram  overflowed with stack)
LOAD ..\obj\stm32f4xx_sdio.o
LOAD ..\obj\startup_stm32f4xx.o
LOAD ..\obj\stm32f4xx_crc.o
LOAD ..\obj\main.o
LOAD ..\obj\stm32f4xx_rcc.o
LOAD ..\obj\konfiguracja.o
LOAD ..\obj\stm32f4xx_gpio.o
LOAD ..\obj\system_stm32f4xx.o
LOAD ..\obj\stm32f4xx_dma.o
LOAD ..\obj\stm324xg_eval_sdio_sd.o
LOAD ..\obj\misc.o
START GROUP
LOAD c:/program files (x86)/gnu tools arm embedded/4.8 2013q4/bin/../lib/gcc/arm-none-eabi/4.8.3/armv7e-m\libgcc.a
LOAD c:/program files (x86)/gnu tools arm embedded/4.8 2013q4/bin/../lib/gcc/arm-none-eabi/4.8.3/../../../../arm-none-eabi/lib/armv7e-m\libg.a
LOAD c:/program files (x86)/gnu tools arm embedded/4.8 2013q4/bin/../lib/gcc/arm-none-eabi/4.8.3/../../../../arm-none-eabi/lib/armv7e-m\libc.a
END GROUP
OUTPUT(CzytnikSD.elf elf32-littlearm)

.debug_info     0x00000000     0x3a1f
 .debug_info    0x00000000      0x7d4 ..\obj\stm32f4xx_sdio.o
 .debug_info    0x000007d4       0xed ..\obj\startup_stm32f4xx.o
 .debug_info    0x000008c1      0x1c3 ..\obj\main.o
 .debug_info    0x00000a84      0xc21 ..\obj\stm32f4xx_rcc.o
 .debug_info    0x000016a5      0x466 ..\obj\konfiguracja.o
 .debug_info    0x00001b0b      0x5d6 ..\obj\stm32f4xx_gpio.o
 .debug_info    0x000020e1      0x566 ..\obj\system_stm32f4xx.o
 .debug_info    0x00002647     0x13d8 ..\obj\stm324xg_eval_sdio_sd.o

.debug_abbrev   0x00000000      0xa71
 .debug_abbrev  0x00000000      0x177 ..\obj\stm32f4xx_sdio.o
 .debug_abbrev  0x00000177       0xb0 ..\obj\startup_stm32f4xx.o
 .debug_abbrev  0x00000227       0x8e ..\obj\main.o
 .debug_abbrev  0x000002b5      0x1e3 ..\obj\stm32f4xx_rcc.o
 .debug_abbrev  0x00000498      0x117 ..\obj\konfiguracja.o
 .debug_abbrev  0x000005af      0x1a3 ..\obj\stm32f4xx_gpio.o
 .debug_abbrev  0x00000752      0x136 ..\obj\system_stm32f4xx.o
 .debug_abbrev  0x00000888      0x1e9 ..\obj\stm324xg_eval_sdio_sd.o

.debug_aranges  0x00000000      0x4f0
 .debug_aranges
                0x00000000      0x108 ..\obj\stm32f4xx_sdio.o
 .debug_aranges
                0x00000108       0x28 ..\obj\startup_stm32f4xx.o
 .debug_aranges
                0x00000130       0x20 ..\obj\main.o
 .debug_aranges
                0x00000150      0x178 ..\obj\stm32f4xx_rcc.o
 .debug_aranges
                0x000002c8       0x38 ..\obj\konfiguracja.o
 .debug_aranges
                0x00000300       0x88 ..\obj\stm32f4xx_gpio.o
 .debug_aranges
                0x00000388       0x30 ..\obj\system_stm32f4xx.o
 .debug_aranges
                0x000003b8      0x138 ..\obj\stm324xg_eval_sdio_sd.o

.debug_ranges   0x00000000      0x470
 .debug_ranges  0x00000000       0xf8 ..\obj\stm32f4xx_sdio.o
 .debug_ranges  0x000000f8       0x18 ..\obj\startup_stm32f4xx.o
 .debug_ranges  0x00000110       0x10 ..\obj\main.o
 .debug_ranges  0x00000120      0x168 ..\obj\stm32f4xx_rcc.o
 .debug_ranges  0x00000288       0x28 ..\obj\konfiguracja.o
 .debug_ranges  0x000002b0       0x78 ..\obj\stm32f4xx_gpio.o
 .debug_ranges  0x00000328       0x20 ..\obj\system_stm32f4xx.o
 .debug_ranges  0x00000348      0x128 ..\obj\stm324xg_eval_sdio_sd.o

.debug_line     0x00000000     0x1aba
 .debug_line    0x00000000      0x3d8 ..\obj\stm32f4xx_sdio.o
 .debug_line    0x000003d8       0x9d ..\obj\startup_stm32f4xx.o
 .debug_line    0x00000475      0x10b ..\obj\main.o
 .debug_line    0x00000580      0x52e ..\obj\stm32f4xx_rcc.o
 .debug_line    0x00000aae      0x217 ..\obj\konfiguracja.o
 .debug_line    0x00000cc5      0x2d3 ..\obj\stm32f4xx_gpio.o
 .debug_line    0x00000f98      0x183 ..\obj\system_stm32f4xx.o
 .debug_line    0x0000111b      0x99f ..\obj\stm324xg_eval_sdio_sd.o

.debug_str      0x00000000     0x1e7c
 .debug_str     0x00000000      0x5c2 ..\obj\stm32f4xx_sdio.o
                                0x61d (size before relaxing)
 .debug_str     0x000005c2       0xac ..\obj\startup_stm32f4xx.o
                                0x143 (size before relaxing)
 .debug_str     0x0000066e      0x349 ..\obj\main.o
                                0x46e (size before relaxing)
 .debug_str     0x000009b7      0x666 ..\obj\stm32f4xx_rcc.o
                                0x822 (size before relaxing)
 .debug_str     0x0000101d      0x36c ..\obj\konfiguracja.o
                                0x4be (size before relaxing)
 .debug_str     0x00001389      0x19f ..\obj\stm32f4xx_gpio.o
                                0x475 (size before relaxing)
 .debug_str     0x00001528      0x114 ..\obj\system_stm32f4xx.o
                                0x37c (size before relaxing)
 .debug_str     0x0000163c      0x840 ..\obj\stm324xg_eval_sdio_sd.o
                                0xf11 (size before relaxing)

.comment        0x00000000       0x70
 .comment       0x00000000       0x70 ..\obj\stm32f4xx_sdio.o
                                 0x71 (size before relaxing)
 .comment       0x00000000       0x71 ..\obj\startup_stm32f4xx.o
 .comment       0x00000000       0x71 ..\obj\main.o
 .comment       0x00000000       0x71 ..\obj\stm32f4xx_rcc.o
 .comment       0x00000000       0x71 ..\obj\konfiguracja.o
 .comment       0x00000000       0x71 ..\obj\stm32f4xx_gpio.o
 .comment       0x00000000       0x71 ..\obj\system_stm32f4xx.o
 .comment       0x00000000       0x71 ..\obj\stm324xg_eval_sdio_sd.o

.ARM.attributes
                0x00000000       0x33
 .ARM.attributes
                0x00000000       0x33 ..\obj\stm32f4xx_sdio.o
 .ARM.attributes
                0x00000033       0x33 ..\obj\startup_stm32f4xx.o
 .ARM.attributes
                0x00000066       0x33 ..\obj\main.o
 .ARM.attributes
                0x00000099       0x33 ..\obj\stm32f4xx_rcc.o
 .ARM.attributes
                0x000000cc       0x33 ..\obj\konfiguracja.o
 .ARM.attributes
                0x000000ff       0x33 ..\obj\stm32f4xx_gpio.o
 .ARM.attributes
                0x00000132       0x33 ..\obj\system_stm32f4xx.o
 .ARM.attributes
                0x00000165       0x33 ..\obj\stm324xg_eval_sdio_sd.o

.debug_frame    0x00000000      0xfb4
 .debug_frame   0x00000000      0x344 ..\obj\stm32f4xx_sdio.o
 .debug_frame   0x00000344       0x48 ..\obj\startup_stm32f4xx.o
 .debug_frame   0x0000038c       0x30 ..\obj\main.o
 .debug_frame   0x000003bc      0x4d8 ..\obj\stm32f4xx_rcc.o
 .debug_frame   0x00000894       0x90 ..\obj\konfiguracja.o
 .debug_frame   0x00000924      0x19c ..\obj\stm32f4xx_gpio.o
 .debug_frame   0x00000ac0       0x64 ..\obj\system_stm32f4xx.o
 .debug_frame   0x00000b24      0x490 ..\obj\stm324xg_eval_sdio_sd.o
