Archive member included because of file (symbol)

c:/program files (x86)/gnu tools arm embedded/4.8 2013q4/bin/../lib/gcc/arm-none-eabi/4.8.3/../../../../arm-none-eabi/lib/armv7e-m\libg.a(lib_a-memset.o)
                              ..\obj\stm324xg_eval_sdio_sd.o (memset)

Allocating common symbols
Common symbol       size              file

MSC_BOT_Data        0xc000            ..\obj\usbd_msc_bot.o
SCSI_blk_nbr        0x4               ..\obj\usbd_msc_scsi.o
SDIO_CmdInitStructure
                    0x14              ..\obj\stm324xg_eval_sdio_sd.o
SET_TEST_MODE       0x4               ..\obj\usbd_core.o
MSC_BOT_Status      0x1               ..\obj\usbd_msc_bot.o
SCSI_blk_size       0x4               ..\obj\usbd_msc_scsi.o
SCSI_Sense_Head     0x1               ..\obj\usbd_msc_scsi.o
MSC_BOT_cbw         0x20              ..\obj\usbd_msc_bot.o
SCSI_blk_len        0x4               ..\obj\usbd_msc_scsi.o
SDCardInfo          0x58              ..\obj\stm324xg_eval_sdio_sd.o
SDIO_InitStructure  0x18              ..\obj\stm324xg_eval_sdio_sd.o
SDIO_DataInitStructure
                    0x18              ..\obj\stm324xg_eval_sdio_sd.o
SCSI_Sense          0x20              ..\obj\usbd_msc_scsi.o
MSC_BOT_csw         0x10              ..\obj\usbd_msc_bot.o
SCSI_blk_addr       0x4               ..\obj\usbd_msc_scsi.o
USB_OTG_dev         0x5f4             ..\obj\main.o
cdev                0x4               ..\obj\usbd_msc_scsi.o
SCSI_Sense_Tail     0x1               ..\obj\usbd_msc_scsi.o
MSC_BOT_State       0x1               ..\obj\usbd_msc_bot.o
USBD_StrDesc        0x40              ..\obj\usbd_req.o
MSC_BOT_DataLen     0x2               ..\obj\usbd_msc_bot.o

Discarded input sections

 .text          0x00000000        0x0 ..\obj\stm32f4xx_syscfg.o
 .data          0x00000000        0x0 ..\obj\stm32f4xx_syscfg.o
 .bss           0x00000000        0x0 ..\obj\stm32f4xx_syscfg.o
 .text.SYSCFG_DeInit
                0x00000000       0x1c ..\obj\stm32f4xx_syscfg.o
 .text.SYSCFG_MemoryRemapConfig
                0x00000000       0x20 ..\obj\stm32f4xx_syscfg.o
 .text.SYSCFG_EXTILineConfig
                0x00000000       0x7c ..\obj\stm32f4xx_syscfg.o
 .text.SYSCFG_ETH_MediaInterfaceConfig
                0x00000000       0x1c ..\obj\stm32f4xx_syscfg.o
 .text.SYSCFG_CompensationCellCmd
                0x00000000       0x20 ..\obj\stm32f4xx_syscfg.o
 .text.SYSCFG_GetCompensationCellStatus
                0x00000000       0x34 ..\obj\stm32f4xx_syscfg.o
 .debug_info    0x00000000      0x24b ..\obj\stm32f4xx_syscfg.o
 .debug_abbrev  0x00000000      0x131 ..\obj\stm32f4xx_syscfg.o
 .debug_aranges
                0x00000000       0x48 ..\obj\stm32f4xx_syscfg.o
 .debug_ranges  0x00000000       0x38 ..\obj\stm32f4xx_syscfg.o
 .debug_line    0x00000000      0x1c7 ..\obj\stm32f4xx_syscfg.o
 .debug_str     0x00000000      0x2d9 ..\obj\stm32f4xx_syscfg.o
 .comment       0x00000000       0x71 ..\obj\stm32f4xx_syscfg.o
 .ARM.attributes
                0x00000000       0x33 ..\obj\stm32f4xx_syscfg.o
 .debug_frame   0x00000000       0xbc ..\obj\stm32f4xx_syscfg.o
 .text          0x00000000        0x0 ..\obj\usb_core.o
 .data          0x00000000        0x0 ..\obj\usb_core.o
 .bss           0x00000000        0x0 ..\obj\usb_core.o
 .text.USB_OTG_IsHostMode
                0x00000000       0x24 ..\obj\usb_core.o
 .text.USB_OTG_ReadOtgItr
                0x00000000       0x1c ..\obj\usb_core.o
 .text.USB_OTG_ActiveRemoteWakeup
                0x00000000       0x8c ..\obj\usb_core.o
 .text.USB_OTG_UngateClock
                0x00000000       0x54 ..\obj\usb_core.o
 .text.USB_OTG_StopDevice
                0x00000000       0x80 ..\obj\usb_core.o
 .text.USB_OTG_GetEPStatus
                0x00000000       0xac ..\obj\usb_core.o
 .text.USB_OTG_SetEPStatus
                0x00000000      0x12c ..\obj\usb_core.o
 .text          0x00000000        0x0 ..\obj\stm32f4xx_sdio.o
 .data          0x00000000        0x0 ..\obj\stm32f4xx_sdio.o
 .bss           0x00000000        0x0 ..\obj\stm32f4xx_sdio.o
 .text.SDIO_StructInit
                0x00000000       0x38 ..\obj\stm32f4xx_sdio.o
 .text.SDIO_CmdStructInit
                0x00000000       0x30 ..\obj\stm32f4xx_sdio.o
 .text.SDIO_DataStructInit
                0x00000000       0x38 ..\obj\stm32f4xx_sdio.o
 .text.SDIO_GetDataCounter
                0x00000000       0x18 ..\obj\stm32f4xx_sdio.o
 .text.SDIO_WriteData
                0x00000000       0x20 ..\obj\stm32f4xx_sdio.o
 .text.SDIO_GetFIFOCount
                0x00000000       0x18 ..\obj\stm32f4xx_sdio.o
 .text.SDIO_StartSDIOReadWait
                0x00000000       0x20 ..\obj\stm32f4xx_sdio.o
 .text.SDIO_StopSDIOReadWait
                0x00000000       0x20 ..\obj\stm32f4xx_sdio.o
 .text.SDIO_SetSDIOReadWaitMode
                0x00000000       0x1c ..\obj\stm32f4xx_sdio.o
 .text.SDIO_SetSDIOOperation
                0x00000000       0x20 ..\obj\stm32f4xx_sdio.o
 .text.SDIO_SendSDIOSuspendCmd
                0x00000000       0x20 ..\obj\stm32f4xx_sdio.o
 .text.SDIO_CommandCompletionCmd
                0x00000000       0x20 ..\obj\stm32f4xx_sdio.o
 .text.SDIO_CEATAITCmd
                0x00000000       0x2c ..\obj\stm32f4xx_sdio.o
 .text.SDIO_SendCEATACmd
                0x00000000       0x20 ..\obj\stm32f4xx_sdio.o
 .text          0x00000000        0x0 ..\obj\usbd_usr.o
 .bss           0x00000000        0x0 ..\obj\usbd_usr.o
 .text          0x00000000        0x0 ..\obj\startup_stm32f4xx.o
 .data          0x00000000        0x0 ..\obj\startup_stm32f4xx.o
 .bss           0x00000000        0x0 ..\obj\startup_stm32f4xx.o
 .text          0x00000000        0x0 ..\obj\usbd_msc_core.o
 .text          0x00000000        0x0 ..\obj\usbd_core.o
 .bss           0x00000000        0x0 ..\obj\usbd_core.o
 .text          0x00000000        0x0 ..\obj\main.o
 .data          0x00000000        0x0 ..\obj\main.o
 .bss           0x00000000        0x0 ..\obj\main.o
 .text          0x00000000        0x0 ..\obj\stm32f4xx_rcc.o
 .data          0x00000000       0x10 ..\obj\stm32f4xx_rcc.o
 .bss           0x00000000        0x0 ..\obj\stm32f4xx_rcc.o
 .text.RCC_DeInit
                0x00000000       0x50 ..\obj\stm32f4xx_rcc.o
 .text.RCC_HSEConfig
                0x00000000       0x24 ..\obj\stm32f4xx_rcc.o
 .text.RCC_WaitForHSEStartUp
                0x00000000       0x50 ..\obj\stm32f4xx_rcc.o
 .text.RCC_AdjustHSICalibrationValue
                0x00000000       0x3c ..\obj\stm32f4xx_rcc.o
 .text.RCC_HSICmd
                0x00000000       0x20 ..\obj\stm32f4xx_rcc.o
 .text.RCC_LSEConfig
                0x00000000       0x40 ..\obj\stm32f4xx_rcc.o
 .text.RCC_LSICmd
                0x00000000       0x20 ..\obj\stm32f4xx_rcc.o
 .text.RCC_PLLConfig
                0x00000000       0x3c ..\obj\stm32f4xx_rcc.o
 .text.RCC_PLLCmd
                0x00000000       0x20 ..\obj\stm32f4xx_rcc.o
 .text.RCC_PLLI2SConfig
                0x00000000       0x28 ..\obj\stm32f4xx_rcc.o
 .text.RCC_PLLI2SCmd
                0x00000000       0x20 ..\obj\stm32f4xx_rcc.o
 .text.RCC_ClockSecuritySystemCmd
                0x00000000       0x20 ..\obj\stm32f4xx_rcc.o
 .text.RCC_MCO1Config
                0x00000000       0x3c ..\obj\stm32f4xx_rcc.o
 .text.RCC_MCO2Config
                0x00000000       0x3c ..\obj\stm32f4xx_rcc.o
 .text.RCC_SYSCLKConfig
                0x00000000       0x38 ..\obj\stm32f4xx_rcc.o
 .text.RCC_GetSYSCLKSource
                0x00000000       0x20 ..\obj\stm32f4xx_rcc.o
 .text.RCC_HCLKConfig
                0x00000000       0x38 ..\obj\stm32f4xx_rcc.o
 .text.RCC_PCLK1Config
                0x00000000       0x38 ..\obj\stm32f4xx_rcc.o
 .text.RCC_PCLK2Config
                0x00000000       0x38 ..\obj\stm32f4xx_rcc.o
 .text.RCC_GetClocksFreq
                0x00000000      0x154 ..\obj\stm32f4xx_rcc.o
 .text.RCC_RTCCLKConfig
                0x00000000       0x5c ..\obj\stm32f4xx_rcc.o
 .text.RCC_RTCCLKCmd
                0x00000000       0x20 ..\obj\stm32f4xx_rcc.o
 .text.RCC_BackupResetCmd
                0x00000000       0x20 ..\obj\stm32f4xx_rcc.o
 .text.RCC_I2SCLKConfig
                0x00000000       0x1c ..\obj\stm32f4xx_rcc.o
 .text.RCC_AHB3PeriphClockCmd
                0x00000000       0x3c ..\obj\stm32f4xx_rcc.o
 .text.RCC_APB1PeriphClockCmd
                0x00000000       0x3c ..\obj\stm32f4xx_rcc.o
 .text.RCC_AHB1PeriphResetCmd
                0x00000000       0x3c ..\obj\stm32f4xx_rcc.o
 .text.RCC_AHB2PeriphResetCmd
                0x00000000       0x3c ..\obj\stm32f4xx_rcc.o
 .text.RCC_AHB3PeriphResetCmd
                0x00000000       0x3c ..\obj\stm32f4xx_rcc.o
 .text.RCC_APB1PeriphResetCmd
                0x00000000       0x3c ..\obj\stm32f4xx_rcc.o
 .text.RCC_AHB1PeriphClockLPModeCmd
                0x00000000       0x3c ..\obj\stm32f4xx_rcc.o
 .text.RCC_AHB2PeriphClockLPModeCmd
                0x00000000       0x3c ..\obj\stm32f4xx_rcc.o
 .text.RCC_AHB3PeriphClockLPModeCmd
                0x00000000       0x3c ..\obj\stm32f4xx_rcc.o
 .text.RCC_APB1PeriphClockLPModeCmd
                0x00000000       0x3c ..\obj\stm32f4xx_rcc.o
 .text.RCC_APB2PeriphClockLPModeCmd
                0x00000000       0x3c ..\obj\stm32f4xx_rcc.o
 .text.RCC_ITConfig
                0x00000000       0x48 ..\obj\stm32f4xx_rcc.o
 .text.RCC_GetFlagStatus
                0x00000000       0x74 ..\obj\stm32f4xx_rcc.o
 .text.RCC_ClearFlag
                0x00000000       0x1c ..\obj\stm32f4xx_rcc.o
 .text.RCC_GetITStatus
                0x00000000       0x38 ..\obj\stm32f4xx_rcc.o
 .text.RCC_ClearITPendingBit
                0x00000000       0x20 ..\obj\stm32f4xx_rcc.o
 .text          0x00000000        0x0 ..\obj\usbd_storage_msd.o
 .text          0x00000000        0x0 ..\obj\usbd_msc_scsi.o
 .data          0x00000000        0x0 ..\obj\usbd_msc_scsi.o
 .bss           0x00000000        0x0 ..\obj\usbd_msc_scsi.o
 .text          0x00000000        0x0 ..\obj\usbd_desc.o
 .bss           0x00000000        0x0 ..\obj\usbd_desc.o
 .text          0x00000000        0x0 ..\obj\konfiguracja.o
 .data          0x00000000        0x0 ..\obj\konfiguracja.o
 .bss           0x00000000        0x0 ..\obj\konfiguracja.o
 .text.SD_LowLevel_DeInit
                0x00000000       0xa0 ..\obj\konfiguracja.o
 .text          0x00000000        0x0 ..\obj\stm32f4xx_gpio.o
 .data          0x00000000        0x0 ..\obj\stm32f4xx_gpio.o
 .bss           0x00000000        0x0 ..\obj\stm32f4xx_gpio.o
 .text.GPIO_DeInit
                0x00000000      0x120 ..\obj\stm32f4xx_gpio.o
 .text.GPIO_StructInit
                0x00000000       0x34 ..\obj\stm32f4xx_gpio.o
 .text.GPIO_PinLockConfig
                0x00000000       0x44 ..\obj\stm32f4xx_gpio.o
 .text.GPIO_ReadInputData
                0x00000000       0x1c ..\obj\stm32f4xx_gpio.o
 .text.GPIO_ReadOutputDataBit
                0x00000000       0x34 ..\obj\stm32f4xx_gpio.o
 .text.GPIO_ReadOutputData
                0x00000000       0x1c ..\obj\stm32f4xx_gpio.o
 .text.GPIO_WriteBit
                0x00000000       0x30 ..\obj\stm32f4xx_gpio.o
 .text.GPIO_Write
                0x00000000       0x1c ..\obj\stm32f4xx_gpio.o
 .text.GPIO_ToggleBits
                0x00000000       0x24 ..\obj\stm32f4xx_gpio.o
 .text          0x00000000        0x0 ..\obj\system_stm32f4xx.o
 .data          0x00000000       0x14 ..\obj\system_stm32f4xx.o
 .bss           0x00000000        0x0 ..\obj\system_stm32f4xx.o
 .text.SystemCoreClockUpdate
                0x00000000       0xf8 ..\obj\system_stm32f4xx.o
 .text          0x00000000        0x0 ..\obj\stm32f4xx_dma.o
 .data          0x00000000        0x0 ..\obj\stm32f4xx_dma.o
 .bss           0x00000000        0x0 ..\obj\stm32f4xx_dma.o
 .text.DMA_StructInit
                0x00000000       0x6c ..\obj\stm32f4xx_dma.o
 .text.DMA_PeriphIncOffsetSizeConfig
                0x00000000       0x34 ..\obj\stm32f4xx_dma.o
 .text.DMA_SetCurrDataCounter
                0x00000000       0x1c ..\obj\stm32f4xx_dma.o
 .text.DMA_GetCurrDataCounter
                0x00000000       0x1c ..\obj\stm32f4xx_dma.o
 .text.DMA_DoubleBufferModeConfig
                0x00000000       0x3c ..\obj\stm32f4xx_dma.o
 .text.DMA_DoubleBufferModeCmd
                0x00000000       0x38 ..\obj\stm32f4xx_dma.o
 .text.DMA_MemoryTargetConfig
                0x00000000       0x2c ..\obj\stm32f4xx_dma.o
 .text.DMA_GetCurrentMemoryTarget
                0x00000000       0x30 ..\obj\stm32f4xx_dma.o
 .text.DMA_GetCmdStatus
                0x00000000       0x30 ..\obj\stm32f4xx_dma.o
 .text.DMA_GetFIFOStatus
                0x00000000       0x24 ..\obj\stm32f4xx_dma.o
 .text.DMA_GetFlagStatus
                0x00000000       0x78 ..\obj\stm32f4xx_dma.o
 .text.DMA_GetITStatus
                0x00000000       0xb0 ..\obj\stm32f4xx_dma.o
 .text.DMA_ClearITPendingBit
                0x00000000       0x5c ..\obj\stm32f4xx_dma.o
 .text          0x00000000        0x0 ..\obj\usb_bsp.o
 .data          0x00000000        0x0 ..\obj\usb_bsp.o
 .bss           0x00000000        0x0 ..\obj\usb_bsp.o
 .text          0x00000000        0x0 ..\obj\usbd_req.o
 .data          0x00000000        0x0 ..\obj\usbd_req.o
 .text          0x00000000        0x0 ..\obj\usb_dcd_int.o
 .data          0x00000000        0x0 ..\obj\usb_dcd_int.o
 .bss           0x00000000        0x0 ..\obj\usb_dcd_int.o
 .text          0x00000000        0x0 ..\obj\usbd_msc_data.o
 .data          0x00000000        0x0 ..\obj\usbd_msc_data.o
 .bss           0x00000000        0x0 ..\obj\usbd_msc_data.o
 .text          0x00000000        0x0 ..\obj\stm324xg_eval_sdio_sd.o
 .data          0x00000000        0x0 ..\obj\stm324xg_eval_sdio_sd.o
 .text.SD_DeInit
                0x00000000        0xc ..\obj\stm324xg_eval_sdio_sd.o
 .text.SD_PowerOFF
                0x00000000       0x1c ..\obj\stm324xg_eval_sdio_sd.o
 .text.SD_GetCardStatus
                0x00000000      0x134 ..\obj\stm324xg_eval_sdio_sd.o
 .text.SD_ReadBlock
                0x00000000      0x128 ..\obj\stm324xg_eval_sdio_sd.o
 .text.SD_WriteBlock
                0x00000000      0x128 ..\obj\stm324xg_eval_sdio_sd.o
 .text.SD_GetTransferState
                0x00000000       0x24 ..\obj\stm324xg_eval_sdio_sd.o
 .text.SD_Erase
                0x00000000      0x1c8 ..\obj\stm324xg_eval_sdio_sd.o
 .text.SD_SendSDStatus
                0x00000000      0x20c ..\obj\stm324xg_eval_sdio_sd.o
 .text.SD_ProcessDMAIRQ
                0x00000000       0x30 ..\obj\stm324xg_eval_sdio_sd.o
 .text.IsCardProgramming
                0x00000000      0x1ec ..\obj\stm324xg_eval_sdio_sd.o
 .text.convert_from_bytes_to_power_of_two
                0x00000000       0x30 ..\obj\stm324xg_eval_sdio_sd.o
 .text.SD_HighSpeed
                0x00000000      0x27c ..\obj\stm324xg_eval_sdio_sd.o
 .text          0x00000000        0x0 ..\obj\misc.o
 .data          0x00000000        0x0 ..\obj\misc.o
 .bss           0x00000000        0x0 ..\obj\misc.o
 .text.NVIC_SetVectorTable
                0x00000000       0x2c ..\obj\misc.o
 .text.NVIC_SystemLPConfig
                0x00000000       0x40 ..\obj\misc.o
 .text.SysTick_CLKSourceConfig
                0x00000000       0x38 ..\obj\misc.o
 .text          0x00000000        0x0 ..\obj\usb_dcd.o
 .data          0x00000000        0x0 ..\obj\usb_dcd.o
 .bss           0x00000000        0x0 ..\obj\usb_dcd.o
 .text.DCD_DevConnect
                0x00000000       0x2c ..\obj\usb_dcd.o
 .text.DCD_DevDisconnect
                0x00000000       0x2c ..\obj\usb_dcd.o
 .text.DCD_GetEPStatus
                0x00000000       0x60 ..\obj\usb_dcd.o
 .text.DCD_SetEPStatus
                0x00000000       0x58 ..\obj\usb_dcd.o
 .text          0x00000000        0x0 ..\obj\stm32fxxx_it.o
 .data          0x00000000        0x0 ..\obj\stm32fxxx_it.o
 .bss           0x00000000        0x0 ..\obj\stm32fxxx_it.o
 .text          0x00000000        0x0 ..\obj\usbd_ioreq.o
 .data          0x00000000        0x0 ..\obj\usbd_ioreq.o
 .bss           0x00000000        0x0 ..\obj\usbd_ioreq.o
 .text.USBD_CtlPrepareRx
                0x00000000       0x40 ..\obj\usbd_ioreq.o
 .text          0x00000000        0x0 ..\obj\usbd_msc_bot.o
 .data          0x00000000        0x0 ..\obj\usbd_msc_bot.o
 .bss           0x00000000        0x0 ..\obj\usbd_msc_bot.o
 .text          0x00000000        0x0 c:/program files (x86)/gnu tools arm embedded/4.8 2013q4/bin/../lib/gcc/arm-none-eabi/4.8.3/../../../../arm-none-eabi/lib/armv7e-m\libg.a(lib_a-memset.o)
 .data          0x00000000        0x0 c:/program files (x86)/gnu tools arm embedded/4.8 2013q4/bin/../lib/gcc/arm-none-eabi/4.8.3/../../../../arm-none-eabi/lib/armv7e-m\libg.a(lib_a-memset.o)
 .bss           0x00000000        0x0 c:/program files (x86)/gnu tools arm embedded/4.8 2013q4/bin/../lib/gcc/arm-none-eabi/4.8.3/../../../../arm-none-eabi/lib/armv7e-m\libg.a(lib_a-memset.o)
 .text.memset   0x00000000       0x94 c:/program files (x86)/gnu tools arm embedded/4.8 2013q4/bin/../lib/gcc/arm-none-eabi/4.8.3/../../../../arm-none-eabi/lib/armv7e-m\libg.a(lib_a-memset.o)
 .ARM.attributes
                0x00000000       0x2e c:/program files (x86)/gnu tools arm embedded/4.8 2013q4/bin/../lib/gcc/arm-none-eabi/4.8.3/../../../../arm-none-eabi/lib/armv7e-m\libg.a(lib_a-memset.o)
 .debug_frame   0x00000000       0x2c c:/program files (x86)/gnu tools arm embedded/4.8 2013q4/bin/../lib/gcc/arm-none-eabi/4.8.3/../../../../arm-none-eabi/lib/armv7e-m\libg.a(lib_a-memset.o)

Memory Configuration

Name             Origin             Length             Attributes
rom              0x08000000         0x00100000         xr
ram              0x20000000         0x00020000         xrw
ram1             0x10000000         0x00010000         xrw
*default*        0x00000000         0xffffffff

Linker script and memory map

                0x20020000                _eram = 0x20020000

.text           0x08000000     0x7140
 *(.isr_vector)
 .isr_vector    0x08000000      0x188 ..\obj\startup_stm32f4xx.o
                0x08000000                g_pfnVectors
 *(.text*)
 .text.USB_OTG_EnableCommonInt
                0x08000188       0x44 ..\obj\usb_core.o
 .text.USB_OTG_CoreReset
                0x080001cc       0x8c ..\obj\usb_core.o
 .text.USB_OTG_WritePacket
                0x08000258       0x70 ..\obj\usb_core.o
                0x08000258                USB_OTG_WritePacket
 .text.USB_OTG_ReadPacket
                0x080002c8       0x58 ..\obj\usb_core.o
                0x080002c8                USB_OTG_ReadPacket
 .text.USB_OTG_SelectCore
                0x08000320      0x174 ..\obj\usb_core.o
                0x08000320                USB_OTG_SelectCore
 .text.USB_OTG_CoreInit
                0x08000494      0x134 ..\obj\usb_core.o
                0x08000494                USB_OTG_CoreInit
 .text.USB_OTG_EnableGlobalInt
                0x080005c8       0x38 ..\obj\usb_core.o
                0x080005c8                USB_OTG_EnableGlobalInt
 .text.USB_OTG_DisableGlobalInt
                0x08000600       0x38 ..\obj\usb_core.o
                0x08000600                USB_OTG_DisableGlobalInt
 .text.USB_OTG_FlushTxFifo
                0x08000638       0x70 ..\obj\usb_core.o
                0x08000638                USB_OTG_FlushTxFifo
 .text.USB_OTG_FlushRxFifo
                0x080006a8       0x5c ..\obj\usb_core.o
                0x080006a8                USB_OTG_FlushRxFifo
 .text.USB_OTG_SetCurrentMode
                0x08000704       0x60 ..\obj\usb_core.o
                0x08000704                USB_OTG_SetCurrentMode
 .text.USB_OTG_GetMode
                0x08000764       0x20 ..\obj\usb_core.o
                0x08000764                USB_OTG_GetMode
 .text.USB_OTG_IsDeviceMode
                0x08000784       0x24 ..\obj\usb_core.o
                0x08000784                USB_OTG_IsDeviceMode
 .text.USB_OTG_ReadCoreItr
                0x080007a8       0x30 ..\obj\usb_core.o
                0x080007a8                USB_OTG_ReadCoreItr
 .text.USB_OTG_InitDevSpeed
                0x080007d8       0x38 ..\obj\usb_core.o
                0x080007d8                USB_OTG_InitDevSpeed
 .text.USB_OTG_CoreInitDev
                0x08000810      0x27c ..\obj\usb_core.o
                0x08000810                USB_OTG_CoreInitDev
 .text.USB_OTG_EnableDevInt
                0x08000a8c       0xa8 ..\obj\usb_core.o
                0x08000a8c                USB_OTG_EnableDevInt
 .text.USB_OTG_GetDeviceSpeed
                0x08000b34       0x48 ..\obj\usb_core.o
                0x08000b34                USB_OTG_GetDeviceSpeed
 .text.USB_OTG_EP0Activate
                0x08000b7c       0x78 ..\obj\usb_core.o
                0x08000b7c                USB_OTG_EP0Activate
 .text.USB_OTG_EPActivate
                0x08000bf4       0xdc ..\obj\usb_core.o
                0x08000bf4                USB_OTG_EPActivate
 .text.USB_OTG_EPDeactivate
                0x08000cd0       0x8c ..\obj\usb_core.o
                0x08000cd0                USB_OTG_EPDeactivate
 .text.USB_OTG_EPStartXfer
                0x08000d5c      0x280 ..\obj\usb_core.o
                0x08000d5c                USB_OTG_EPStartXfer
 .text.USB_OTG_EP0StartXfer
                0x08000fdc      0x1d4 ..\obj\usb_core.o
                0x08000fdc                USB_OTG_EP0StartXfer
 .text.USB_OTG_EPSetStall
                0x080011b0       0x88 ..\obj\usb_core.o
                0x080011b0                USB_OTG_EPSetStall
 .text.USB_OTG_EPClearStall
                0x08001238       0x78 ..\obj\usb_core.o
                0x08001238                USB_OTG_EPClearStall
 .text.USB_OTG_ReadDevAllOutEp_itr
                0x080012b0       0x2c ..\obj\usb_core.o
                0x080012b0                USB_OTG_ReadDevAllOutEp_itr
 .text.USB_OTG_ReadDevOutEP_itr
                0x080012dc       0x38 ..\obj\usb_core.o
                0x080012dc                USB_OTG_ReadDevOutEP_itr
 .text.USB_OTG_ReadDevAllInEPItr
                0x08001314       0x2c ..\obj\usb_core.o
                0x08001314                USB_OTG_ReadDevAllInEPItr
 .text.USB_OTG_EP0_OutStart
                0x08001340       0x70 ..\obj\usb_core.o
                0x08001340                USB_OTG_EP0_OutStart
 .text.SDIO_DeInit
                0x080013b0       0x1c ..\obj\stm32f4xx_sdio.o
                0x080013b0                SDIO_DeInit
 .text.SDIO_Init
                0x080013cc       0x5c ..\obj\stm32f4xx_sdio.o
                0x080013cc                SDIO_Init
 .text.SDIO_ClockCmd
                0x08001428       0x20 ..\obj\stm32f4xx_sdio.o
                0x08001428                SDIO_ClockCmd
 .text.SDIO_SetPowerState
                0x08001448       0x1c ..\obj\stm32f4xx_sdio.o
                0x08001448                SDIO_SetPowerState
 .text.SDIO_GetPowerState
                0x08001464       0x1c ..\obj\stm32f4xx_sdio.o
                0x08001464                SDIO_GetPowerState
 .text.SDIO_SendCommand
                0x08001480       0x58 ..\obj\stm32f4xx_sdio.o
                0x08001480                SDIO_SendCommand
 .text.SDIO_GetCommandResponse
                0x080014d8       0x18 ..\obj\stm32f4xx_sdio.o
                0x080014d8                SDIO_GetCommandResponse
 .text.SDIO_GetResponse
                0x080014f0       0x28 ..\obj\stm32f4xx_sdio.o
                0x080014f0                SDIO_GetResponse
 .text.SDIO_DataConfig
                0x08001518       0x5c ..\obj\stm32f4xx_sdio.o
                0x08001518                SDIO_DataConfig
 .text.SDIO_ReadData
                0x08001574       0x18 ..\obj\stm32f4xx_sdio.o
                0x08001574                SDIO_ReadData
 .text.SDIO_DMACmd
                0x0800158c       0x20 ..\obj\stm32f4xx_sdio.o
                0x0800158c                SDIO_DMACmd
 .text.SDIO_ITConfig
                0x080015ac       0x3c ..\obj\stm32f4xx_sdio.o
                0x080015ac                SDIO_ITConfig
 .text.SDIO_GetFlagStatus
                0x080015e8       0x34 ..\obj\stm32f4xx_sdio.o
                0x080015e8                SDIO_GetFlagStatus
 .text.SDIO_ClearFlag
                0x0800161c       0x1c ..\obj\stm32f4xx_sdio.o
                0x0800161c                SDIO_ClearFlag
 .text.SDIO_GetITStatus
                0x08001638       0x34 ..\obj\stm32f4xx_sdio.o
                0x08001638                SDIO_GetITStatus
 .text.SDIO_ClearITPendingBit
                0x0800166c       0x1c ..\obj\stm32f4xx_sdio.o
                0x0800166c                SDIO_ClearITPendingBit
 .text.USBD_USR_Init
                0x08001688        0xc ..\obj\usbd_usr.o
                0x08001688                USBD_USR_Init
 .text.USBD_USR_DeviceReset
                0x08001694       0x14 ..\obj\usbd_usr.o
                0x08001694                USBD_USR_DeviceReset
 .text.USBD_USR_DeviceConfigured
                0x080016a8        0xc ..\obj\usbd_usr.o
                0x080016a8                USBD_USR_DeviceConfigured
 .text.USBD_USR_DeviceSuspended
                0x080016b4        0xc ..\obj\usbd_usr.o
                0x080016b4                USBD_USR_DeviceSuspended
 .text.USBD_USR_DeviceResumed
                0x080016c0        0xc ..\obj\usbd_usr.o
                0x080016c0                USBD_USR_DeviceResumed
 .text.USBD_USR_DeviceConnected
                0x080016cc        0xc ..\obj\usbd_usr.o
                0x080016cc                USBD_USR_DeviceConnected
 .text.USBD_USR_DeviceDisconnected
                0x080016d8        0xc ..\obj\usbd_usr.o
                0x080016d8                USBD_USR_DeviceDisconnected
 .text.Default_Reset_Handler
                0x080016e4       0x60 ..\obj\startup_stm32f4xx.o
                0x080016e4                Default_Reset_Handler
                0x080016e4                Reset_Handler
 .text.Default_Handler
                0x08001744        0x8 ..\obj\startup_stm32f4xx.o
                0x08001744                RTC_Alarm_IRQHandler
                0x08001744                HASH_RNG_IRQHandler
                0x08001744                EXTI2_IRQHandler
                0x08001744                TIM8_CC_IRQHandler
                0x08001744                TIM1_CC_IRQHandler
                0x08001744                DMA2_Stream5_IRQHandler
                0x08001744                DMA1_Stream5_IRQHandler
                0x08001744                PVD_IRQHandler
                0x08001744                TAMP_STAMP_IRQHandler
                0x08001744                CAN2_RX1_IRQHandler
                0x08001744                EXTI3_IRQHandler
                0x08001744                TIM8_TRG_COM_TIM14_IRQHandler
                0x08001744                TIM1_UP_TIM10_IRQHandler
                0x08001744                TIM8_UP_TIM13_IRQHandler
                0x08001744                I2C3_ER_IRQHandler
                0x08001744                EXTI0_IRQHandler
                0x08001744                I2C2_EV_IRQHandler
                0x08001744                DMA1_Stream2_IRQHandler
                0x08001744                CAN1_RX0_IRQHandler
                0x08001744                FPU_IRQHandler
                0x08001744                OTG_HS_WKUP_IRQHandler
                0x08001744                CAN2_SCE_IRQHandler
                0x08001744                DMA2_Stream2_IRQHandler
                0x08001744                SPI1_IRQHandler
                0x08001744                TIM6_DAC_IRQHandler
                0x08001744                TIM1_BRK_TIM9_IRQHandler
                0x08001744                DCMI_IRQHandler
                0x08001744                CAN2_RX0_IRQHandler
                0x08001744                DMA2_Stream3_IRQHandler
                0x08001744                USART6_IRQHandler
                0x08001744                USART3_IRQHandler
                0x08001744                CRYP_IRQHandler
                0x08001744                CAN1_RX1_IRQHandler
                0x08001744                UART5_IRQHandler
                0x08001744                DMA2_Stream0_IRQHandler
                0x08001744                TIM4_IRQHandler
                0x08001744                I2C1_EV_IRQHandler
                0x08001744                DMA1_Stream6_IRQHandler
                0x08001744                DMA1_Stream1_IRQHandler
                0x08001744                UART4_IRQHandler
                0x08001744                TIM3_IRQHandler
                0x08001744                RCC_IRQHandler
                0x08001744                TIM8_BRK_TIM12_IRQHandler
                0x08001744                EXTI15_10_IRQHandler
                0x08001744                ADC_IRQHandler
                0x08001744                DMA1_Stream7_IRQHandler
                0x08001744                TIM7_IRQHandler
                0x08001744                CAN2_TX_IRQHandler
                0x08001744                TIM5_IRQHandler
                0x08001744                DMA2_Stream7_IRQHandler
                0x08001744                I2C3_EV_IRQHandler
                0x08001744                EXTI9_5_IRQHandler
                0x08001744                RTC_WKUP_IRQHandler
                0x08001744                ETH_WKUP_IRQHandler
                0x08001744                SPI2_IRQHandler
                0x08001744                OTG_HS_EP1_IN_IRQHandler
                0x08001744                DMA1_Stream0_IRQHandler
                0x08001744                CAN1_TX_IRQHandler
                0x08001744                EXTI4_IRQHandler
                0x08001744                FSMC_IRQHandler
                0x08001744                ETH_IRQHandler
                0x08001744                OTG_HS_EP1_OUT_IRQHandler
                0x08001744                WWDG_IRQHandler
                0x08001744                TIM2_IRQHandler
                0x08001744                OTG_FS_WKUP_IRQHandler
                0x08001744                TIM1_TRG_COM_TIM11_IRQHandler
                0x08001744                OTG_HS_IRQHandler
                0x08001744                EXTI1_IRQHandler
                0x08001744                USART2_IRQHandler
                0x08001744                I2C2_ER_IRQHandler
                0x08001744                DMA2_Stream1_IRQHandler
                0x08001744                CAN1_SCE_IRQHandler
                0x08001744                FLASH_IRQHandler
                0x08001744                DMA2_Stream4_IRQHandler
                0x08001744                USART1_IRQHandler
                0x08001744                SPI3_IRQHandler
                0x08001744                DMA1_Stream4_IRQHandler
                0x08001744                I2C1_ER_IRQHandler
                0x08001744                DMA2_Stream6_IRQHandler
                0x08001744                DMA1_Stream3_IRQHandler
 .text.USBD_MSC_Init
                0x0800174c       0x40 ..\obj\usbd_msc_core.o
                0x0800174c                USBD_MSC_Init
 .text.USBD_MSC_DeInit
                0x0800178c       0x2c ..\obj\usbd_msc_core.o
                0x0800178c                USBD_MSC_DeInit
 .text.USBD_MSC_Setup
                0x080017b8      0x164 ..\obj\usbd_msc_core.o
                0x080017b8                USBD_MSC_Setup
 .text.USBD_MSC_DataIn
                0x0800191c       0x20 ..\obj\usbd_msc_core.o
                0x0800191c                USBD_MSC_DataIn
 .text.USBD_MSC_DataOut
                0x0800193c       0x20 ..\obj\usbd_msc_core.o
                0x0800193c                USBD_MSC_DataOut
 .text.USBD_MSC_GetCfgDesc
                0x0800195c       0x24 ..\obj\usbd_msc_core.o
                0x0800195c                USBD_MSC_GetCfgDesc
 .text.USBD_Init
                0x08001980       0x54 ..\obj\usbd_core.o
                0x08001980                USBD_Init
 .text.USBD_DeInit
                0x080019d4       0x18 ..\obj\usbd_core.o
                0x080019d4                USBD_DeInit
 .text.USBD_SetupStage
                0x080019ec       0x90 ..\obj\usbd_core.o
 .text.USBD_DataOutStage
                0x08001a7c       0xd0 ..\obj\usbd_core.o
 .text.USBD_DataInStage
                0x08001b4c      0x11c ..\obj\usbd_core.o
 .text.USBD_RunTestMode
                0x08001c68       0x24 ..\obj\usbd_core.o
 .text.USBD_Reset
                0x08001c8c       0x44 ..\obj\usbd_core.o
 .text.USBD_Resume
                0x08001cd0       0x30 ..\obj\usbd_core.o
 .text.USBD_Suspend
                0x08001d00       0x30 ..\obj\usbd_core.o
 .text.USBD_SOF
                0x08001d30       0x2c ..\obj\usbd_core.o
 .text.USBD_SetCfg
                0x08001d5c       0x30 ..\obj\usbd_core.o
                0x08001d5c                USBD_SetCfg
 .text.USBD_ClrCfg
                0x08001d8c       0x28 ..\obj\usbd_core.o
                0x08001d8c                USBD_ClrCfg
 .text.USBD_IsoINIncomplete
                0x08001db4       0x20 ..\obj\usbd_core.o
 .text.USBD_IsoOUTIncomplete
                0x08001dd4       0x20 ..\obj\usbd_core.o
 .text.USBD_DevConnected
                0x08001df4       0x24 ..\obj\usbd_core.o
 .text.USBD_DevDisconnected
                0x08001e18       0x34 ..\obj\usbd_core.o
 .text.main     0x08001e4c       0x30 ..\obj\main.o
                0x08001e4c                main
 .text.Leds_Init
                0x08001e7c       0x38 ..\obj\main.o
                0x08001e7c                Leds_Init
 .text.RCC_AHB1PeriphClockCmd
                0x08001eb4       0x3c ..\obj\stm32f4xx_rcc.o
                0x08001eb4                RCC_AHB1PeriphClockCmd
 .text.RCC_AHB2PeriphClockCmd
                0x08001ef0       0x3c ..\obj\stm32f4xx_rcc.o
                0x08001ef0                RCC_AHB2PeriphClockCmd
 .text.RCC_APB2PeriphClockCmd
                0x08001f2c       0x3c ..\obj\stm32f4xx_rcc.o
                0x08001f2c                RCC_APB2PeriphClockCmd
 .text.RCC_APB2PeriphResetCmd
                0x08001f68       0x3c ..\obj\stm32f4xx_rcc.o
                0x08001f68                RCC_APB2PeriphResetCmd
 .text.STORAGE_Init
                0x08001fa4       0x40 ..\obj\usbd_storage_msd.o
                0x08001fa4                STORAGE_Init
 .text.STORAGE_GetCapacity
                0x08001fe4       0x48 ..\obj\usbd_storage_msd.o
                0x08001fe4                STORAGE_GetCapacity
 .text.STORAGE_IsReady
                0x0800202c       0x44 ..\obj\usbd_storage_msd.o
                0x0800202c                STORAGE_IsReady
 .text.STORAGE_IsWriteProtected
                0x08002070       0x1c ..\obj\usbd_storage_msd.o
                0x08002070                STORAGE_IsWriteProtected
 .text.STORAGE_Read
                0x0800208c       0x68 ..\obj\usbd_storage_msd.o
                0x0800208c                STORAGE_Read
 .text.STORAGE_Write
                0x080020f4       0x68 ..\obj\usbd_storage_msd.o
                0x080020f4                STORAGE_Write
 .text.STORAGE_GetMaxLun
                0x0800215c       0x14 ..\obj\usbd_storage_msd.o
                0x0800215c                STORAGE_GetMaxLun
 .text.SCSI_ProcessCmd
                0x08002170      0x254 ..\obj\usbd_msc_scsi.o
                0x08002170                SCSI_ProcessCmd
 .text.SCSI_TestUnitReady
                0x080023c4       0x68 ..\obj\usbd_msc_scsi.o
 .text.SCSI_Inquiry
                0x0800242c       0x98 ..\obj\usbd_msc_scsi.o
 .text.SCSI_ReadCapacity10
                0x080024c4       0xc0 ..\obj\usbd_msc_scsi.o
 .text.SCSI_ReadFormatCapacity
                0x08002584       0xc4 ..\obj\usbd_msc_scsi.o
 .text.SCSI_ModeSense6
                0x08002648       0x4c ..\obj\usbd_msc_scsi.o
 .text.SCSI_ModeSense10
                0x08002694       0x4c ..\obj\usbd_msc_scsi.o
 .text.SCSI_RequestSense
                0x080026e0       0xc8 ..\obj\usbd_msc_scsi.o
 .text.SCSI_SenseCode
                0x080027a8       0x5c ..\obj\usbd_msc_scsi.o
                0x080027a8                SCSI_SenseCode
 .text.SCSI_StartStopUnit
                0x08002804       0x28 ..\obj\usbd_msc_scsi.o
 .text.SCSI_Read10
                0x0800282c      0x130 ..\obj\usbd_msc_scsi.o
 .text.SCSI_Write10
                0x0800295c      0x174 ..\obj\usbd_msc_scsi.o
 .text.SCSI_Verify10
                0x08002ad0       0x68 ..\obj\usbd_msc_scsi.o
 .text.SCSI_CheckAddressRange
                0x08002b38       0x40 ..\obj\usbd_msc_scsi.o
 .text.SCSI_ProcessRead
                0x08002b78       0xc4 ..\obj\usbd_msc_scsi.o
 .text.SCSI_ProcessWrite
                0x08002c3c       0xd8 ..\obj\usbd_msc_scsi.o
 .text.USBD_USR_DeviceDescriptor
                0x08002d14       0x24 ..\obj\usbd_desc.o
                0x08002d14                USBD_USR_DeviceDescriptor
 .text.USBD_USR_LangIDStrDescriptor
                0x08002d38       0x24 ..\obj\usbd_desc.o
                0x08002d38                USBD_USR_LangIDStrDescriptor
 .text.USBD_USR_ProductStrDescriptor
                0x08002d5c       0x40 ..\obj\usbd_desc.o
                0x08002d5c                USBD_USR_ProductStrDescriptor
 .text.USBD_USR_ManufacturerStrDescriptor
                0x08002d9c       0x28 ..\obj\usbd_desc.o
                0x08002d9c                USBD_USR_ManufacturerStrDescriptor
 .text.USBD_USR_SerialStrDescriptor
                0x08002dc4       0x40 ..\obj\usbd_desc.o
                0x08002dc4                USBD_USR_SerialStrDescriptor
 .text.USBD_USR_ConfigStrDescriptor
                0x08002e04       0x3c ..\obj\usbd_desc.o
                0x08002e04                USBD_USR_ConfigStrDescriptor
 .text.USBD_USR_InterfaceStrDescriptor
                0x08002e40       0x3c ..\obj\usbd_desc.o
                0x08002e40                USBD_USR_InterfaceStrDescriptor
 .text.SD_LowLevel_Init
                0x08002e7c       0xb0 ..\obj\konfiguracja.o
                0x08002e7c                SD_LowLevel_Init
 .text.SD_LowLevel_DMA_TxConfig
                0x08002f2c       0xa0 ..\obj\konfiguracja.o
                0x08002f2c                SD_LowLevel_DMA_TxConfig
 .text.SD_LowLevel_DMA_RxConfig
                0x08002fcc       0xa0 ..\obj\konfiguracja.o
                0x08002fcc                SD_LowLevel_DMA_RxConfig
 .text.GPIO_Init
                0x0800306c      0x11c ..\obj\stm32f4xx_gpio.o
                0x0800306c                GPIO_Init
 .text.GPIO_ReadInputDataBit
                0x08003188       0x34 ..\obj\stm32f4xx_gpio.o
                0x08003188                GPIO_ReadInputDataBit
 .text.GPIO_SetBits
                0x080031bc       0x1c ..\obj\stm32f4xx_gpio.o
                0x080031bc                GPIO_SetBits
 .text.GPIO_ResetBits
                0x080031d8       0x1c ..\obj\stm32f4xx_gpio.o
                0x080031d8                GPIO_ResetBits
 .text.GPIO_PinAFConfig
                0x080031f4       0x8c ..\obj\stm32f4xx_gpio.o
                0x080031f4                GPIO_PinAFConfig
 .text.SystemInit
                0x08003280       0x58 ..\obj\system_stm32f4xx.o
                0x08003280                SystemInit
 .text.SetSysClock
                0x080032d8       0xf4 ..\obj\system_stm32f4xx.o
 .text.DMA_DeInit
                0x080033cc      0x1a4 ..\obj\stm32f4xx_dma.o
                0x080033cc                DMA_DeInit
 .text.DMA_Init
                0x08003570       0xac ..\obj\stm32f4xx_dma.o
                0x08003570                DMA_Init
 .text.DMA_Cmd  0x0800361c       0x38 ..\obj\stm32f4xx_dma.o
                0x0800361c                DMA_Cmd
 .text.DMA_FlowControllerConfig
                0x08003654       0x34 ..\obj\stm32f4xx_dma.o
                0x08003654                DMA_FlowControllerConfig
 .text.DMA_ClearFlag
                0x08003688       0x5c ..\obj\stm32f4xx_dma.o
                0x08003688                DMA_ClearFlag
 .text.DMA_ITConfig
                0x080036e4       0x74 ..\obj\stm32f4xx_dma.o
                0x080036e4                DMA_ITConfig
 .text.USB_OTG_BSP_Init
                0x08003758       0xb8 ..\obj\usb_bsp.o
                0x08003758                USB_OTG_BSP_Init
 .text.USB_OTG_BSP_EnableInterrupt
                0x08003810       0x30 ..\obj\usb_bsp.o
                0x08003810                USB_OTG_BSP_EnableInterrupt
 .text.USB_OTG_BSP_uDelay
                0x08003840       0x34 ..\obj\usb_bsp.o
                0x08003840                USB_OTG_BSP_uDelay
 .text.USB_OTG_BSP_mDelay
                0x08003874       0x20 ..\obj\usb_bsp.o
                0x08003874                USB_OTG_BSP_mDelay
 .text.USBD_StdDevReq
                0x08003894       0xa0 ..\obj\usbd_req.o
                0x08003894                USBD_StdDevReq
 .text.USBD_VendDevReq
                0x08003934       0x84 ..\obj\usbd_req.o
                0x08003934                USBD_VendDevReq
 .text.USBD_StdItfReq
                0x080039b8       0x68 ..\obj\usbd_req.o
                0x080039b8                USBD_StdItfReq
 .text.USBD_StdEPReq
                0x08003a20      0x1b0 ..\obj\usbd_req.o
                0x08003a20                USBD_StdEPReq
 .text.USBD_GetDescriptor
                0x08003bd0      0x1d4 ..\obj\usbd_req.o
 .text.USBD_SetAddress
                0x08003da4       0x7c ..\obj\usbd_req.o
 .text.USBD_SetConfig
                0x08003e20       0xf4 ..\obj\usbd_req.o
 .text.USBD_GetConfig
                0x08003f14       0x60 ..\obj\usbd_req.o
 .text.USBD_GetStatus
                0x08003f74       0x54 ..\obj\usbd_req.o
 .text.USBD_SetFeature
                0x08003fc8       0xd8 ..\obj\usbd_req.o
 .text.USBD_ClrFeature
                0x080040a0       0x50 ..\obj\usbd_req.o
 .text.USBD_ParseSetupRequest
                0x080040f0       0x8c ..\obj\usbd_req.o
                0x080040f0                USBD_ParseSetupRequest
 .text.USBD_CtlError
                0x0800417c       0x28 ..\obj\usbd_req.o
                0x0800417c                USBD_CtlError
 .text.USBD_GetString
                0x080041a4       0x7c ..\obj\usbd_req.o
                0x080041a4                USBD_GetString
 .text.USBD_GetLen
                0x08004220       0x30 ..\obj\usbd_req.o
 .text.USBD_OTG_ISR_Handler
                0x08004250      0x190 ..\obj\usb_dcd_int.o
                0x08004250                USBD_OTG_ISR_Handler
 .text.DCD_SessionRequest_ISR
                0x080043e0       0x34 ..\obj\usb_dcd_int.o
 .text.DCD_OTG_ISR
                0x08004414       0x3c ..\obj\usb_dcd_int.o
 .text.DCD_HandleResume_ISR
                0x08004450       0x80 ..\obj\usb_dcd_int.o
 .text.DCD_HandleUSBSuspend_ISR
                0x080044d0       0xbc ..\obj\usb_dcd_int.o
 .text.DCD_HandleInEP_ISR
                0x0800458c      0x19c ..\obj\usb_dcd_int.o
 .text.DCD_HandleOutEP_ISR
                0x08004728      0x150 ..\obj\usb_dcd_int.o
 .text.DCD_HandleSof_ISR
                0x08004878       0x34 ..\obj\usb_dcd_int.o
 .text.DCD_HandleRxStatusQueueLevel_ISR
                0x080048ac      0x104 ..\obj\usb_dcd_int.o
 .text.DCD_WriteEmptyTxFifo
                0x080049b0       0xe4 ..\obj\usb_dcd_int.o
 .text.DCD_HandleUsbReset_ISR
                0x08004a94      0x12c ..\obj\usb_dcd_int.o
 .text.DCD_HandleEnumDone_ISR
                0x08004bc0       0x78 ..\obj\usb_dcd_int.o
 .text.DCD_IsoINIncomplete_ISR
                0x08004c38       0x34 ..\obj\usb_dcd_int.o
 .text.DCD_IsoOUTIncomplete_ISR
                0x08004c6c       0x34 ..\obj\usb_dcd_int.o
 .text.DCD_ReadDevInEP
                0x08004ca0       0x50 ..\obj\usb_dcd_int.o
 .text.SD_Init  0x08004cf0       0xbc ..\obj\stm324xg_eval_sdio_sd.o
                0x08004cf0                SD_Init
 .text.SD_GetStatus
                0x08004dac       0x30 ..\obj\stm324xg_eval_sdio_sd.o
                0x08004dac                SD_GetStatus
 .text.SD_GetState
                0x08004ddc       0x40 ..\obj\stm324xg_eval_sdio_sd.o
                0x08004ddc                SD_GetState
 .text.SD_Detect
                0x08004e1c       0x2c ..\obj\stm324xg_eval_sdio_sd.o
                0x08004e1c                SD_Detect
 .text.SD_PowerON
                0x08004e48      0x22c ..\obj\stm324xg_eval_sdio_sd.o
                0x08004e48                SD_PowerON
 .text.SD_InitializeCards
                0x08005074      0x18c ..\obj\stm324xg_eval_sdio_sd.o
                0x08005074                SD_InitializeCards
 .text.SD_GetCardInfo
                0x08005200      0x5b4 ..\obj\stm324xg_eval_sdio_sd.o
                0x08005200                SD_GetCardInfo
 .text.SD_EnableWideBusOperation
                0x080057b4       0xd8 ..\obj\stm324xg_eval_sdio_sd.o
                0x080057b4                SD_EnableWideBusOperation
 .text.SD_SelectDeselect
                0x0800588c       0x4c ..\obj\stm324xg_eval_sdio_sd.o
                0x0800588c                SD_SelectDeselect
 .text.SD_ReadMultiBlocks
                0x080058d8      0x134 ..\obj\stm324xg_eval_sdio_sd.o
                0x080058d8                SD_ReadMultiBlocks
 .text.SD_WaitReadOperation
                0x08005a0c       0xbc ..\obj\stm324xg_eval_sdio_sd.o
                0x08005a0c                SD_WaitReadOperation
 .text.SD_WriteMultiBlocks
                0x08005ac8      0x1b0 ..\obj\stm324xg_eval_sdio_sd.o
                0x08005ac8                SD_WriteMultiBlocks
 .text.SD_WaitWriteOperation
                0x08005c78       0xbc ..\obj\stm324xg_eval_sdio_sd.o
                0x08005c78                SD_WaitWriteOperation
 .text.SD_StopTransfer
                0x08005d34       0x48 ..\obj\stm324xg_eval_sdio_sd.o
                0x08005d34                SD_StopTransfer
 .text.SD_SendStatus
                0x08005d7c       0x78 ..\obj\stm324xg_eval_sdio_sd.o
                0x08005d7c                SD_SendStatus
 .text.SD_ProcessIRQSrc
                0x08005df4       0xc8 ..\obj\stm324xg_eval_sdio_sd.o
                0x08005df4                SD_ProcessIRQSrc
 .text.CmdError
                0x08005ebc       0x4c ..\obj\stm324xg_eval_sdio_sd.o
 .text.CmdResp7Error
                0x08005f08       0x78 ..\obj\stm324xg_eval_sdio_sd.o
 .text.CmdResp1Error
                0x08005f80      0x1a0 ..\obj\stm324xg_eval_sdio_sd.o
 .text.CmdResp3Error
                0x08006120       0x50 ..\obj\stm324xg_eval_sdio_sd.o
 .text.CmdResp2Error
                0x08006170       0x68 ..\obj\stm324xg_eval_sdio_sd.o
 .text.CmdResp6Error
                0x080061d8       0xcc ..\obj\stm324xg_eval_sdio_sd.o
 .text.SDEnWideBus
                0x080062a4      0x180 ..\obj\stm324xg_eval_sdio_sd.o
 .text.FindSCR  0x08006424      0x204 ..\obj\stm324xg_eval_sdio_sd.o
 .text.NVIC_PriorityGroupConfig
                0x08006628       0x24 ..\obj\misc.o
                0x08006628                NVIC_PriorityGroupConfig
 .text.NVIC_Init
                0x0800664c       0xbc ..\obj\misc.o
                0x0800664c                NVIC_Init
 .text.DCD_Init
                0x08006708      0x104 ..\obj\usb_dcd.o
                0x08006708                DCD_Init
 .text.DCD_EP_Open
                0x0800680c       0xa0 ..\obj\usb_dcd.o
                0x0800680c                DCD_EP_Open
 .text.DCD_EP_Close
                0x080068ac       0x74 ..\obj\usb_dcd.o
                0x080068ac                DCD_EP_Close
 .text.DCD_EP_PrepareRx
                0x08006920       0x80 ..\obj\usb_dcd.o
                0x08006920                DCD_EP_PrepareRx
 .text.DCD_EP_Tx
                0x080069a0       0x78 ..\obj\usb_dcd.o
                0x080069a0                DCD_EP_Tx
 .text.DCD_EP_Stall
                0x08006a18       0x78 ..\obj\usb_dcd.o
                0x08006a18                DCD_EP_Stall
 .text.DCD_EP_ClrStall
                0x08006a90       0x78 ..\obj\usb_dcd.o
                0x08006a90                DCD_EP_ClrStall
 .text.DCD_EP_Flush
                0x08006b08       0x34 ..\obj\usb_dcd.o
                0x08006b08                DCD_EP_Flush
 .text.DCD_EP_SetAddress
                0x08006b3c       0x3c ..\obj\usb_dcd.o
                0x08006b3c                DCD_EP_SetAddress
 .text.NMI_Handler
                0x08006b78        0xc ..\obj\stm32fxxx_it.o
                0x08006b78                NMI_Handler
 .text.HardFault_Handler
                0x08006b84        0x8 ..\obj\stm32fxxx_it.o
                0x08006b84                HardFault_Handler
 .text.MemManage_Handler
                0x08006b8c        0x8 ..\obj\stm32fxxx_it.o
                0x08006b8c                MemManage_Handler
 .text.BusFault_Handler
                0x08006b94        0x8 ..\obj\stm32fxxx_it.o
                0x08006b94                BusFault_Handler
 .text.UsageFault_Handler
                0x08006b9c        0x8 ..\obj\stm32fxxx_it.o
                0x08006b9c                UsageFault_Handler
 .text.SVC_Handler
                0x08006ba4        0xc ..\obj\stm32fxxx_it.o
                0x08006ba4                SVC_Handler
 .text.DebugMon_Handler
                0x08006bb0        0xc ..\obj\stm32fxxx_it.o
                0x08006bb0                DebugMon_Handler
 .text.PendSV_Handler
                0x08006bbc        0xc ..\obj\stm32fxxx_it.o
                0x08006bbc                PendSV_Handler
 .text.SysTick_Handler
                0x08006bc8        0xc ..\obj\stm32fxxx_it.o
                0x08006bc8                SysTick_Handler
 .text.OTG_FS_IRQHandler
                0x08006bd4       0x10 ..\obj\stm32fxxx_it.o
                0x08006bd4                OTG_FS_IRQHandler
 .text.SDIO_IRQHandler
                0x08006be4        0xc ..\obj\stm32fxxx_it.o
                0x08006be4                SDIO_IRQHandler
 .text.USBD_CtlSendData
                0x08006bf0       0x40 ..\obj\usbd_ioreq.o
                0x08006bf0                USBD_CtlSendData
 .text.USBD_CtlContinueSendData
                0x08006c30       0x28 ..\obj\usbd_ioreq.o
                0x08006c30                USBD_CtlContinueSendData
 .text.USBD_CtlContinueRx
                0x08006c58       0x28 ..\obj\usbd_ioreq.o
                0x08006c58                USBD_CtlContinueRx
 .text.USBD_CtlSendStatus
                0x08006c80       0x30 ..\obj\usbd_ioreq.o
                0x08006c80                USBD_CtlSendStatus
 .text.USBD_CtlReceiveStatus
                0x08006cb0       0x30 ..\obj\usbd_ioreq.o
                0x08006cb0                USBD_CtlReceiveStatus
 .text.USBD_GetRxCount
                0x08006ce0       0x30 ..\obj\usbd_ioreq.o
                0x08006ce0                USBD_GetRxCount
 .text.MSC_BOT_Init
                0x08006d10       0x50 ..\obj\usbd_msc_bot.o
                0x08006d10                MSC_BOT_Init
 .text.MSC_BOT_Reset
                0x08006d60       0x34 ..\obj\usbd_msc_bot.o
                0x08006d60                MSC_BOT_Reset
 .text.MSC_BOT_DeInit
                0x08006d94       0x1c ..\obj\usbd_msc_bot.o
                0x08006d94                MSC_BOT_DeInit
 .text.MSC_BOT_DataIn
                0x08006db0       0x5c ..\obj\usbd_msc_bot.o
                0x08006db0                MSC_BOT_DataIn
 .text.MSC_BOT_DataOut
                0x08006e0c       0x54 ..\obj\usbd_msc_bot.o
                0x08006e0c                MSC_BOT_DataOut
 .text.MSC_BOT_CBW_Decode
                0x08006e60       0xe8 ..\obj\usbd_msc_bot.o
 .text.MSC_BOT_SendData
                0x08006f48       0x54 ..\obj\usbd_msc_bot.o
 .text.MSC_BOT_SendCSW
                0x08006f9c       0x4c ..\obj\usbd_msc_bot.o
                0x08006f9c                MSC_BOT_SendCSW
 .text.MSC_BOT_Abort
                0x08006fe8       0x54 ..\obj\usbd_msc_bot.o
 .text.MSC_BOT_CplClrFeature
                0x0800703c       0x48 ..\obj\usbd_msc_bot.o
                0x0800703c                MSC_BOT_CplClrFeature
 *(.init)
 *(.fini)
 *crtbegin.o(.ctors)
 *crtbegin?.o(.ctors)
 *(EXCLUDE_FILE(*crtend.o *crtend?.o) .ctors)
 *(SORT(.ctors.*))
 *(.ctors)
 *crtbegin.o(.dtors)
 *crtbegin?.o(.dtors)
 *(EXCLUDE_FILE(*crtend.o *crtend?.o) .dtors)
 *(SORT(.dtors.*))
 *(.dtors)
 *(.rodata*)
 .rodata        0x08007084       0x24 ..\obj\usbd_storage_msd.o
                0x08007084                STORAGE_Inquirydata
 .rodata        0x080070a8       0x80 ..\obj\usbd_desc.o
 .rodata        0x08007128       0x18 ..\obj\usbd_msc_data.o
                0x08007128                MSC_Page00_Inquiry_Data
                0x08007130                MSC_Mode_Sense6_data
                0x08007138                MSC_Mode_Sense10_data
 *(.eh_fram e*)

.glue_7         0x08007140        0x0
 .glue_7        0x00000000        0x0 linker stubs

.glue_7t        0x08007140        0x0
 .glue_7t       0x00000000        0x0 linker stubs

.vfp11_veneer   0x08007140        0x0
 .vfp11_veneer  0x00000000        0x0 linker stubs

.v4_bx          0x08007140        0x0
 .v4_bx         0x00000000        0x0 linker stubs

.iplt           0x08007140        0x0
 .iplt          0x00000000        0x0 ..\obj\stm32f4xx_syscfg.o

.rel.dyn        0x08007140        0x0
 .rel.iplt      0x00000000        0x0 ..\obj\stm32f4xx_syscfg.o

.ARM.extab
 *(.ARM.extab* .gnu.linkonce.armextab.*)
                0x08007140                __exidx_start = .

.ARM.exidx
 *(.ARM.exidx* .gnu.linkonce.armexidx.*)
                0x08007140                __exidx_end = .
                0x08007140                __etext = .
                0x08007140                _sidata = __etext

.data           0x20000000      0x108 load address 0x08007140
                0x20000000                __data_start__ = .
                0x20000000                _sdata = __data_start__
 *(vtable)
 *(.data*)
 .data          0x20000000       0x1c ..\obj\usbd_usr.o
                0x20000000                USR_cb
 .data          0x2000001c       0x4c ..\obj\usbd_msc_core.o
                0x2000001c                USBD_MSC_CfgDesc
                0x2000003c                USBD_MSC_cb
 .data          0x20000068       0x30 ..\obj\usbd_core.o
                0x20000068                USBD_DCD_INT_cb
                0x20000094                USBD_DCD_INT_fops
 .data          0x20000098       0x24 ..\obj\usbd_storage_msd.o
                0x20000098                USBD_MICRO_SDIO_fops
                0x200000b8                USBD_STORAGE_fops
 .data          0x200000bc       0x4c ..\obj\usbd_desc.o
                0x200000bc                USR_desc
                0x200000e4                USBD_DeviceDesc
                0x200000f8                USBD_DeviceQualifierDesc
                0x20000104                USBD_LangIDDesc
                0x20000108                . = ALIGN (0x4)
                0x20000108                PROVIDE (__preinit_array_start, .)
 *(.preinit_array)
                0x20000108                PROVIDE (__preinit_array_end, .)
                0x20000108                . = ALIGN (0x4)
                0x20000108                PROVIDE (__init_array_start, .)
 *(SORT(.init_array.*))
 *(.init_array)
                0x20000108                PROVIDE (__init_array_end, .)
                0x20000108                . = ALIGN (0x4)
                0x20000108                PROVIDE (__fini_array_start, .)
 *(SORT(.fini_array.*))
 *(.fini_array)
                0x20000108                PROVIDE (__fini_array_end, .)
 *(.jcr*)
                0x20000108                . = ALIGN (0x4)
                0x20000108                __data_end__ = .
                0x20000108                _edata = __data_end__

.igot.plt       0x20000108        0x0 load address 0x08007248
 .igot.plt      0x00000000        0x0 ..\obj\stm32f4xx_syscfg.o

.bss            0x20000108     0xc7a8 load address 0x08007248
                0x20000108                . = ALIGN (0x4)
                0x20000108                __bss_start__ = .
                0x20000108                _sbss = __bss_start__
 *(.bss*)
 .bss           0x20000108        0x2 ..\obj\usbd_msc_core.o
 .bss           0x2000010a        0x1 ..\obj\usbd_storage_msd.o
 *fill*         0x2000010b        0x1 
 .bss           0x2000010c       0x10 ..\obj\usbd_req.o
                0x2000010c                USBD_ep_status
                0x20000110                USBD_default_cfg
                0x20000114                USBD_cfg_status
 .bss           0x2000011c       0x48 ..\obj\stm324xg_eval_sdio_sd.o
                0x20000154                StopCondition
                0x20000158                TransferError
                0x2000015c                TransferEnd
                0x20000160                DMAEndOfTransfer
 *(COMMON)
 COMMON         0x20000164        0x4 ..\obj\usbd_core.o
                0x20000164                SET_TEST_MODE
 COMMON         0x20000168      0x5f4 ..\obj\main.o
                0x20000168                USB_OTG_dev
 COMMON         0x2000075c       0x39 ..\obj\usbd_msc_scsi.o
                0x2000075c                SCSI_blk_nbr
                0x20000760                SCSI_blk_size
                0x20000764                SCSI_Sense_Head
                0x20000768                SCSI_blk_len
                0x2000076c                SCSI_Sense
                0x2000078c                SCSI_blk_addr
                0x20000790                cdev
                0x20000794                SCSI_Sense_Tail
 *fill*         0x20000795        0x3 
 COMMON         0x20000798       0x40 ..\obj\usbd_req.o
                0x20000798                USBD_StrDesc
 COMMON         0x200007d8       0xa0 ..\obj\stm324xg_eval_sdio_sd.o
                0x200007d8                SDIO_CmdInitStructure
                0x200007f0                SDCardInfo
                0x20000848                SDIO_InitStructure
                0x20000860                SDIO_DataInitStructure
 COMMON         0x20000878     0xc038 ..\obj\usbd_msc_bot.o
                0x20000878                MSC_BOT_Data
                0x2000c878                MSC_BOT_Status
                0x2000c87c                MSC_BOT_cbw
                0x2000c89c                MSC_BOT_csw
                0x2000c8ac                MSC_BOT_State
                0x2000c8ae                MSC_BOT_DataLen
                0x2000c8b0                . = ALIGN (0x4)
                0x2000c8b0                __bss_end__ = .
                0x2000c8b0                _ebss = __bss_end__

.heap           0x2000c8b0        0x0
                0x2000c8b0                __end__ = .
                0x2000c8b0                _end = __end__
                0x2000c8b0                end = __end__
 *(.heap*)
                0x2000c8b0                __HeapLimit = .

.co_stack       0x2000c8b0      0x800 load address 0x080139f0
                0x2000c8b0                . = ALIGN (0x8)
 *(.co_stack .co_stack.*)
 .co_stack      0x2000c8b0      0x800 ..\obj\startup_stm32f4xx.o
                0x2000c8b0                pulStack
                0x20020000                __StackTop = (ORIGIN (ram) + 0x20000)
                0x2001f800                __StackLimit = (__StackTop - SIZEOF (.co_stack))
                0x20020000                PROVIDE (__stack, __StackTop)
                0x00000001                ASSERT ((__StackLimit >= __HeapLimit), region ram  overflowed with stack)
LOAD ..\obj\stm32f4xx_syscfg.o
LOAD ..\obj\usb_core.o
LOAD ..\obj\stm32f4xx_sdio.o
LOAD ..\obj\usbd_usr.o
LOAD ..\obj\startup_stm32f4xx.o
LOAD ..\obj\usbd_msc_core.o
LOAD ..\obj\usbd_core.o
LOAD ..\obj\main.o
LOAD ..\obj\stm32f4xx_rcc.o
LOAD ..\obj\usbd_storage_msd.o
LOAD ..\obj\usbd_msc_scsi.o
LOAD ..\obj\usbd_desc.o
LOAD ..\obj\konfiguracja.o
LOAD ..\obj\stm32f4xx_gpio.o
LOAD ..\obj\system_stm32f4xx.o
LOAD ..\obj\stm32f4xx_dma.o
LOAD ..\obj\usb_bsp.o
LOAD ..\obj\usbd_req.o
LOAD ..\obj\usb_dcd_int.o
LOAD ..\obj\usbd_msc_data.o
LOAD ..\obj\stm324xg_eval_sdio_sd.o
LOAD ..\obj\misc.o
LOAD ..\obj\usb_dcd.o
LOAD ..\obj\stm32fxxx_it.o
LOAD ..\obj\usbd_ioreq.o
LOAD ..\obj\usbd_msc_bot.o
START GROUP
LOAD c:/program files (x86)/gnu tools arm embedded/4.8 2013q4/bin/../lib/gcc/arm-none-eabi/4.8.3/armv7e-m\libgcc.a
LOAD c:/program files (x86)/gnu tools arm embedded/4.8 2013q4/bin/../lib/gcc/arm-none-eabi/4.8.3/../../../../arm-none-eabi/lib/armv7e-m\libg.a
LOAD c:/program files (x86)/gnu tools arm embedded/4.8 2013q4/bin/../lib/gcc/arm-none-eabi/4.8.3/../../../../arm-none-eabi/lib/armv7e-m\libc.a
END GROUP
OUTPUT(CzytnikSD.elf elf32-littlearm)

.debug_info     0x00000000    0x123a5
 .debug_info    0x00000000     0x247f ..\obj\usb_core.o
 .debug_info    0x0000247f      0x7d4 ..\obj\stm32f4xx_sdio.o
 .debug_info    0x00002c53      0x1cb ..\obj\usbd_usr.o
 .debug_info    0x00002e1e      0x102 ..\obj\startup_stm32f4xx.o
 .debug_info    0x00002f20      0x4db ..\obj\usbd_msc_core.o
 .debug_info    0x000033fb     0x1032 ..\obj\usbd_core.o
 .debug_info    0x0000442d      0xce3 ..\obj\main.o
 .debug_info    0x00005110      0xc21 ..\obj\stm32f4xx_rcc.o
 .debug_info    0x00005d31      0x9d2 ..\obj\usbd_storage_msd.o
 .debug_info    0x00006703     0x123c ..\obj\usbd_msc_scsi.o
 .debug_info    0x0000793f      0x371 ..\obj\usbd_desc.o
 .debug_info    0x00007cb0      0x466 ..\obj\konfiguracja.o
 .debug_info    0x00008116      0x5d6 ..\obj\stm32f4xx_gpio.o
 .debug_info    0x000086ec      0x566 ..\obj\system_stm32f4xx.o
 .debug_info    0x00008c52      0x718 ..\obj\stm32f4xx_dma.o
 .debug_info    0x0000936a      0xfc7 ..\obj\usb_bsp.o
 .debug_info    0x0000a331     0x103c ..\obj\usbd_req.o
 .debug_info    0x0000b36d     0x1ee9 ..\obj\usb_dcd_int.o
 .debug_info    0x0000d256       0xfb ..\obj\usbd_msc_data.o
 .debug_info    0x0000d351     0x13d8 ..\obj\stm324xg_eval_sdio_sd.o
 .debug_info    0x0000e729      0x51c ..\obj\misc.o
 .debug_info    0x0000ec45     0x103b ..\obj\usb_dcd.o
 .debug_info    0x0000fc80      0xb83 ..\obj\stm32fxxx_it.o
 .debug_info    0x00010803      0xcd3 ..\obj\usbd_ioreq.o
 .debug_info    0x000114d6      0xecf ..\obj\usbd_msc_bot.o

.debug_abbrev   0x00000000     0x2b0f
 .debug_abbrev  0x00000000      0x2e7 ..\obj\usb_core.o
 .debug_abbrev  0x000002e7      0x177 ..\obj\stm32f4xx_sdio.o
 .debug_abbrev  0x0000045e       0xdf ..\obj\usbd_usr.o
 .debug_abbrev  0x0000053d       0xd1 ..\obj\startup_stm32f4xx.o
 .debug_abbrev  0x0000060e      0x154 ..\obj\usbd_msc_core.o
 .debug_abbrev  0x00000762      0x275 ..\obj\usbd_core.o
 .debug_abbrev  0x000009d7      0x1d6 ..\obj\main.o
 .debug_abbrev  0x00000bad      0x1e3 ..\obj\stm32f4xx_rcc.o
 .debug_abbrev  0x00000d90      0x209 ..\obj\usbd_storage_msd.o
 .debug_abbrev  0x00000f99      0x2a8 ..\obj\usbd_msc_scsi.o
 .debug_abbrev  0x00001241      0x12c ..\obj\usbd_desc.o
 .debug_abbrev  0x0000136d      0x117 ..\obj\konfiguracja.o
 .debug_abbrev  0x00001484      0x1a3 ..\obj\stm32f4xx_gpio.o
 .debug_abbrev  0x00001627      0x136 ..\obj\system_stm32f4xx.o
 .debug_abbrev  0x0000175d      0x155 ..\obj\stm32f4xx_dma.o
 .debug_abbrev  0x000018b2      0x211 ..\obj\usb_bsp.o
 .debug_abbrev  0x00001ac3      0x2c0 ..\obj\usbd_req.o
 .debug_abbrev  0x00001d83      0x25b ..\obj\usb_dcd_int.o
 .debug_abbrev  0x00001fde       0x73 ..\obj\usbd_msc_data.o
 .debug_abbrev  0x00002051      0x1e9 ..\obj\stm324xg_eval_sdio_sd.o
 .debug_abbrev  0x0000223a      0x145 ..\obj\misc.o
 .debug_abbrev  0x0000237f      0x259 ..\obj\usb_dcd.o
 .debug_abbrev  0x000025d8      0x175 ..\obj\stm32fxxx_it.o
 .debug_abbrev  0x0000274d      0x1af ..\obj\usbd_ioreq.o
 .debug_abbrev  0x000028fc      0x213 ..\obj\usbd_msc_bot.o

.debug_aranges  0x00000000      0xca0
 .debug_aranges
                0x00000000      0x138 ..\obj\usb_core.o
 .debug_aranges
                0x00000138      0x108 ..\obj\stm32f4xx_sdio.o
 .debug_aranges
                0x00000240       0x50 ..\obj\usbd_usr.o
 .debug_aranges
                0x00000290       0x28 ..\obj\startup_stm32f4xx.o
 .debug_aranges
                0x000002b8       0x48 ..\obj\usbd_msc_core.o
 .debug_aranges
                0x00000300       0x98 ..\obj\usbd_core.o
 .debug_aranges
                0x00000398       0x28 ..\obj\main.o
 .debug_aranges
                0x000003c0      0x178 ..\obj\stm32f4xx_rcc.o
 .debug_aranges
                0x00000538       0x50 ..\obj\usbd_storage_msd.o
 .debug_aranges
                0x00000588       0x98 ..\obj\usbd_msc_scsi.o
 .debug_aranges
                0x00000620       0x50 ..\obj\usbd_desc.o
 .debug_aranges
                0x00000670       0x38 ..\obj\konfiguracja.o
 .debug_aranges
                0x000006a8       0x88 ..\obj\stm32f4xx_gpio.o
 .debug_aranges
                0x00000730       0x30 ..\obj\system_stm32f4xx.o
 .debug_aranges
                0x00000760       0xb0 ..\obj\stm32f4xx_dma.o
 .debug_aranges
                0x00000810       0x38 ..\obj\usb_bsp.o
 .debug_aranges
                0x00000848       0x90 ..\obj\usbd_req.o
 .debug_aranges
                0x000008d8       0x90 ..\obj\usb_dcd_int.o
 .debug_aranges
                0x00000968       0x18 ..\obj\usbd_msc_data.o
 .debug_aranges
                0x00000980      0x138 ..\obj\stm324xg_eval_sdio_sd.o
 .debug_aranges
                0x00000ab8       0x40 ..\obj\misc.o
 .debug_aranges
                0x00000af8       0x80 ..\obj\usb_dcd.o
 .debug_aranges
                0x00000b78       0x70 ..\obj\stm32fxxx_it.o
 .debug_aranges
                0x00000be8       0x50 ..\obj\usbd_ioreq.o
 .debug_aranges
                0x00000c38       0x68 ..\obj\usbd_msc_bot.o

.debug_ranges   0x00000000      0xb08
 .debug_ranges  0x00000000      0x128 ..\obj\usb_core.o
 .debug_ranges  0x00000128       0xf8 ..\obj\stm32f4xx_sdio.o
 .debug_ranges  0x00000220       0x40 ..\obj\usbd_usr.o
 .debug_ranges  0x00000260       0x18 ..\obj\startup_stm32f4xx.o
 .debug_ranges  0x00000278       0x38 ..\obj\usbd_msc_core.o
 .debug_ranges  0x000002b0       0x88 ..\obj\usbd_core.o
 .debug_ranges  0x00000338       0x18 ..\obj\main.o
 .debug_ranges  0x00000350      0x168 ..\obj\stm32f4xx_rcc.o
 .debug_ranges  0x000004b8       0x40 ..\obj\usbd_storage_msd.o
 .debug_ranges  0x000004f8       0x88 ..\obj\usbd_msc_scsi.o
 .debug_ranges  0x00000580       0x40 ..\obj\usbd_desc.o
 .debug_ranges  0x000005c0       0x28 ..\obj\konfiguracja.o
 .debug_ranges  0x000005e8       0x78 ..\obj\stm32f4xx_gpio.o
 .debug_ranges  0x00000660       0x20 ..\obj\system_stm32f4xx.o
 .debug_ranges  0x00000680       0xa0 ..\obj\stm32f4xx_dma.o
 .debug_ranges  0x00000720       0x28 ..\obj\usb_bsp.o
 .debug_ranges  0x00000748       0x80 ..\obj\usbd_req.o
 .debug_ranges  0x000007c8       0x80 ..\obj\usb_dcd_int.o
 .debug_ranges  0x00000848      0x128 ..\obj\stm324xg_eval_sdio_sd.o
 .debug_ranges  0x00000970       0x30 ..\obj\misc.o
 .debug_ranges  0x000009a0       0x70 ..\obj\usb_dcd.o
 .debug_ranges  0x00000a10       0x60 ..\obj\stm32fxxx_it.o
 .debug_ranges  0x00000a70       0x40 ..\obj\usbd_ioreq.o
 .debug_ranges  0x00000ab0       0x58 ..\obj\usbd_msc_bot.o

.debug_line     0x00000000     0x492a
 .debug_line    0x00000000      0x64f ..\obj\usb_core.o
 .debug_line    0x0000064f      0x3f8 ..\obj\stm32f4xx_sdio.o
 .debug_line    0x00000a47      0x17b ..\obj\usbd_usr.o
 .debug_line    0x00000bc2       0xa6 ..\obj\startup_stm32f4xx.o
 .debug_line    0x00000c68      0x1eb ..\obj\usbd_msc_core.o
 .debug_line    0x00000e53      0x2e8 ..\obj\usbd_core.o
 .debug_line    0x0000113b      0x243 ..\obj\main.o
 .debug_line    0x0000137e      0x54e ..\obj\stm32f4xx_rcc.o
 .debug_line    0x000018cc      0x290 ..\obj\usbd_storage_msd.o
 .debug_line    0x00001b5c      0x36d ..\obj\usbd_msc_scsi.o
 .debug_line    0x00001ec9      0x1a1 ..\obj\usbd_desc.o
 .debug_line    0x0000206a      0x233 ..\obj\konfiguracja.o
 .debug_line    0x0000229d      0x2f3 ..\obj\stm32f4xx_gpio.o
 .debug_line    0x00002590      0x193 ..\obj\system_stm32f4xx.o
 .debug_line    0x00002723      0x390 ..\obj\stm32f4xx_dma.o
 .debug_line    0x00002ab3      0x222 ..\obj\usb_bsp.o
 .debug_line    0x00002cd5      0x374 ..\obj\usbd_req.o
 .debug_line    0x00003049      0x378 ..\obj\usb_dcd_int.o
 .debug_line    0x000033c1       0xfb ..\obj\usbd_msc_data.o
 .debug_line    0x000034bc      0x9bf ..\obj\stm324xg_eval_sdio_sd.o
 .debug_line    0x00003e7b      0x1f9 ..\obj\misc.o
 .debug_line    0x00004074      0x2cd ..\obj\usb_dcd.o
 .debug_line    0x00004341      0x1e2 ..\obj\stm32fxxx_it.o
 .debug_line    0x00004523      0x1b7 ..\obj\usbd_ioreq.o
 .debug_line    0x000046da      0x250 ..\obj\usbd_msc_bot.o

.debug_str      0x00000000     0x4d43
 .debug_str     0x00000000     0x1390 ..\obj\usb_core.o
                               0x16a8 (size before relaxing)
 .debug_str     0x00001390      0x4d2 ..\obj\stm32f4xx_sdio.o
                                0x625 (size before relaxing)
 .debug_str     0x00001862      0x124 ..\obj\usbd_usr.o
                                0x2e4 (size before relaxing)
 .debug_str     0x00001986       0xbf ..\obj\startup_stm32f4xx.o
                                0x156 (size before relaxing)
 .debug_str     0x00001a45      0x14a ..\obj\usbd_msc_core.o
                                0x3a7 (size before relaxing)
 .debug_str     0x00001b8f      0x18f ..\obj\usbd_core.o
                                0xbe7 (size before relaxing)
 .debug_str     0x00001d1e      0x1ef ..\obj\main.o
                                0xb36 (size before relaxing)
 .debug_str     0x00001f0d      0x665 ..\obj\stm32f4xx_rcc.o
                                0x82a (size before relaxing)
 .debug_str     0x00002572      0x934 ..\obj\usbd_storage_msd.o
                                0xb75 (size before relaxing)
 .debug_str     0x00002ea6      0x31a ..\obj\usbd_msc_scsi.o
                                0xcb6 (size before relaxing)
 .debug_str     0x000031c0      0x154 ..\obj\usbd_desc.o
                                0x3c2 (size before relaxing)
 .debug_str     0x00003314      0x1dc ..\obj\konfiguracja.o
                                0x4c6 (size before relaxing)
 .debug_str     0x000034f0      0x1a7 ..\obj\stm32f4xx_gpio.o
                                0x47d (size before relaxing)
 .debug_str     0x00003697      0x111 ..\obj\system_stm32f4xx.o
                                0x384 (size before relaxing)
 .debug_str     0x000037a8      0x272 ..\obj\stm32f4xx_dma.o
                                0x526 (size before relaxing)
 .debug_str     0x00003a1a       0x9d ..\obj\usb_bsp.o
                               0x10e4 (size before relaxing)
 .debug_str     0x00003ab7      0x175 ..\obj\usbd_req.o
                                0xb5c (size before relaxing)
 .debug_str     0x00003c2c      0x358 ..\obj\usb_dcd_int.o
                               0x13f8 (size before relaxing)
 .debug_str     0x00003f84       0x40 ..\obj\usbd_msc_data.o
                                0x1b2 (size before relaxing)
 .debug_str     0x00003fc4      0x864 ..\obj\stm324xg_eval_sdio_sd.o
                                0xf19 (size before relaxing)
 .debug_str     0x00004828      0x160 ..\obj\misc.o
                                0x3b3 (size before relaxing)
 .debug_str     0x00004988      0x10b ..\obj\usb_dcd.o
                                0xb70 (size before relaxing)
 .debug_str     0x00004a93       0xf1 ..\obj\stm32fxxx_it.o
                                0x9fc (size before relaxing)
 .debug_str     0x00004b84       0xc5 ..\obj\usbd_ioreq.o
                                0x9fc (size before relaxing)
 .debug_str     0x00004c49       0xfa ..\obj\usbd_msc_bot.o
                                0xb58 (size before relaxing)

.comment        0x00000000       0x70
 .comment       0x00000000       0x70 ..\obj\usb_core.o
                                 0x71 (size before relaxing)
 .comment       0x00000000       0x71 ..\obj\stm32f4xx_sdio.o
 .comment       0x00000000       0x71 ..\obj\usbd_usr.o
 .comment       0x00000000       0x71 ..\obj\startup_stm32f4xx.o
 .comment       0x00000000       0x71 ..\obj\usbd_msc_core.o
 .comment       0x00000000       0x71 ..\obj\usbd_core.o
 .comment       0x00000000       0x71 ..\obj\main.o
 .comment       0x00000000       0x71 ..\obj\stm32f4xx_rcc.o
 .comment       0x00000000       0x71 ..\obj\usbd_storage_msd.o
 .comment       0x00000000       0x71 ..\obj\usbd_msc_scsi.o
 .comment       0x00000000       0x71 ..\obj\usbd_desc.o
 .comment       0x00000000       0x71 ..\obj\konfiguracja.o
 .comment       0x00000000       0x71 ..\obj\stm32f4xx_gpio.o
 .comment       0x00000000       0x71 ..\obj\system_stm32f4xx.o
 .comment       0x00000000       0x71 ..\obj\stm32f4xx_dma.o
 .comment       0x00000000       0x71 ..\obj\usb_bsp.o
 .comment       0x00000000       0x71 ..\obj\usbd_req.o
 .comment       0x00000000       0x71 ..\obj\usb_dcd_int.o
 .comment       0x00000000       0x71 ..\obj\usbd_msc_data.o
 .comment       0x00000000       0x71 ..\obj\stm324xg_eval_sdio_sd.o
 .comment       0x00000000       0x71 ..\obj\misc.o
 .comment       0x00000000       0x71 ..\obj\usb_dcd.o
 .comment       0x00000000       0x71 ..\obj\stm32fxxx_it.o
 .comment       0x00000000       0x71 ..\obj\usbd_ioreq.o
 .comment       0x00000000       0x71 ..\obj\usbd_msc_bot.o

.ARM.attributes
                0x00000000       0x33
 .ARM.attributes
                0x00000000       0x33 ..\obj\usb_core.o
 .ARM.attributes
                0x00000033       0x33 ..\obj\stm32f4xx_sdio.o
 .ARM.attributes
                0x00000066       0x33 ..\obj\usbd_usr.o
 .ARM.attributes
                0x00000099       0x33 ..\obj\startup_stm32f4xx.o
 .ARM.attributes
                0x000000cc       0x33 ..\obj\usbd_msc_core.o
 .ARM.attributes
                0x000000ff       0x33 ..\obj\usbd_core.o
 .ARM.attributes
                0x00000132       0x33 ..\obj\main.o
 .ARM.attributes
                0x00000165       0x33 ..\obj\stm32f4xx_rcc.o
 .ARM.attributes
                0x00000198       0x33 ..\obj\usbd_storage_msd.o
 .ARM.attributes
                0x000001cb       0x33 ..\obj\usbd_msc_scsi.o
 .ARM.attributes
                0x000001fe       0x33 ..\obj\usbd_desc.o
 .ARM.attributes
                0x00000231       0x33 ..\obj\konfiguracja.o
 .ARM.attributes
                0x00000264       0x33 ..\obj\stm32f4xx_gpio.o
 .ARM.attributes
                0x00000297       0x33 ..\obj\system_stm32f4xx.o
 .ARM.attributes
                0x000002ca       0x33 ..\obj\stm32f4xx_dma.o
 .ARM.attributes
                0x000002fd       0x33 ..\obj\usb_bsp.o
 .ARM.attributes
                0x00000330       0x33 ..\obj\usbd_req.o
 .ARM.attributes
                0x00000363       0x33 ..\obj\usb_dcd_int.o
 .ARM.attributes
                0x00000396       0x33 ..\obj\usbd_msc_data.o
 .ARM.attributes
                0x000003c9       0x33 ..\obj\stm324xg_eval_sdio_sd.o
 .ARM.attributes
                0x000003fc       0x33 ..\obj\misc.o
 .ARM.attributes
                0x0000042f       0x33 ..\obj\usb_dcd.o
 .ARM.attributes
                0x00000462       0x33 ..\obj\stm32fxxx_it.o
 .ARM.attributes
                0x00000495       0x33 ..\obj\usbd_ioreq.o
 .ARM.attributes
                0x000004c8       0x33 ..\obj\usbd_msc_bot.o

.debug_frame    0x00000000     0x2784
 .debug_frame   0x00000000      0x434 ..\obj\usb_core.o
 .debug_frame   0x00000434      0x344 ..\obj\stm32f4xx_sdio.o
 .debug_frame   0x00000778       0xbc ..\obj\usbd_usr.o
 .debug_frame   0x00000834       0x48 ..\obj\startup_stm32f4xx.o
 .debug_frame   0x0000087c       0xcc ..\obj\usbd_msc_core.o
 .debug_frame   0x00000948      0x208 ..\obj\usbd_core.o
 .debug_frame   0x00000b50       0x50 ..\obj\main.o
 .debug_frame   0x00000ba0      0x4d8 ..\obj\stm32f4xx_rcc.o
 .debug_frame   0x00001078       0xe8 ..\obj\usbd_storage_msd.o
 .debug_frame   0x00001160      0x1f8 ..\obj\usbd_msc_scsi.o
 .debug_frame   0x00001358       0xe8 ..\obj\usbd_desc.o
 .debug_frame   0x00001440       0x90 ..\obj\konfiguracja.o
 .debug_frame   0x000014d0      0x19c ..\obj\stm32f4xx_gpio.o
 .debug_frame   0x0000166c       0x64 ..\obj\system_stm32f4xx.o
 .debug_frame   0x000016d0      0x224 ..\obj\stm32f4xx_dma.o
 .debug_frame   0x000018f4       0x8c ..\obj\usb_bsp.o
 .debug_frame   0x00001980      0x1e8 ..\obj\usbd_req.o
 .debug_frame   0x00001b68      0x1ec ..\obj\usb_dcd_int.o
 .debug_frame   0x00001d54      0x490 ..\obj\stm324xg_eval_sdio_sd.o
 .debug_frame   0x000021e4       0x9c ..\obj\misc.o
 .debug_frame   0x00002280      0x1ac ..\obj\usb_dcd.o
 .debug_frame   0x0000242c      0x120 ..\obj\stm32fxxx_it.o
 .debug_frame   0x0000254c       0xec ..\obj\usbd_ioreq.o
 .debug_frame   0x00002638      0x14c ..\obj\usbd_msc_bot.o
